Archive member included to satisfy reference by file (symbol)

/home/victor/MaximSDK/Libraries/PeriphDrivers/bin/MAX78000/softfp/libPeriphDriver_softfp.a(mxc_delay.o)
                              /home/victor/Documents/ai_test/ai8x-synthesis/synthed_net/cifar10_cmsisnnet/build/main.o (MXC_Delay)
/home/victor/MaximSDK/Libraries/PeriphDrivers/bin/MAX78000/softfp/libPeriphDriver_softfp.a(pins_ai85.o)
                              /home/victor/Documents/ai_test/ai8x-synthesis/synthed_net/cifar10_cmsisnnet/build/camera.o (gpio_cfg_pcif_xclk)
/home/victor/MaximSDK/Libraries/PeriphDrivers/bin/MAX78000/softfp/libPeriphDriver_softfp.a(sys_ai85.o)
                              /home/victor/Documents/ai_test/ai8x-synthesis/synthed_net/cifar10_cmsisnnet/build/cnn.o (MXC_SYS_ClockDisable)
/home/victor/MaximSDK/Libraries/PeriphDrivers/bin/MAX78000/softfp/libPeriphDriver_softfp.a(nvic_table.o)
                              /home/victor/Documents/ai_test/ai8x-synthesis/synthed_net/cifar10_cmsisnnet/build/cnn.o (MXC_NVIC_SetVector)
/home/victor/MaximSDK/Libraries/PeriphDrivers/bin/MAX78000/softfp/libPeriphDriver_softfp.a(cameraif_ai85.o)
                              /home/victor/Documents/ai_test/ai8x-synthesis/synthed_net/cifar10_cmsisnnet/build/camera.o (MXC_PCIF_Init)
/home/victor/MaximSDK/Libraries/PeriphDrivers/bin/MAX78000/softfp/libPeriphDriver_softfp.a(cameraif_reva.o)
                              /home/victor/MaximSDK/Libraries/PeriphDrivers/bin/MAX78000/softfp/libPeriphDriver_softfp.a(cameraif_ai85.o) (MXC_PCIF_RevA_SetDatawidth)
/home/victor/MaximSDK/Libraries/PeriphDrivers/bin/MAX78000/softfp/libPeriphDriver_softfp.a(dma_me17.o)
                              /home/victor/Documents/ai_test/ai8x-synthesis/synthed_net/cifar10_cmsisnnet/build/main.o (MXC_DMA_Init)
/home/victor/MaximSDK/Libraries/PeriphDrivers/bin/MAX78000/softfp/libPeriphDriver_softfp.a(dma_reva.o)
                              /home/victor/MaximSDK/Libraries/PeriphDrivers/bin/MAX78000/softfp/libPeriphDriver_softfp.a(dma_me17.o) (MXC_DMA_RevA_Init)
/home/victor/MaximSDK/Libraries/PeriphDrivers/bin/MAX78000/softfp/libPeriphDriver_softfp.a(lp_ai85.o)
                              /home/victor/Documents/ai_test/ai8x-synthesis/synthed_net/cifar10_cmsisnnet/build/main.o (MXC_LP_EnterSleepMode)
/home/victor/MaximSDK/Libraries/PeriphDrivers/bin/MAX78000/softfp/libPeriphDriver_softfp.a(flc_me17.o)
                              /home/victor/MaximSDK/Libraries/PeriphDrivers/bin/MAX78000/softfp/libPeriphDriver_softfp.a(sys_ai85.o) (MXC_FLC_UnlockInfoBlock)
/home/victor/MaximSDK/Libraries/PeriphDrivers/bin/MAX78000/softfp/libPeriphDriver_softfp.a(flc_reva.o)
                              /home/victor/MaximSDK/Libraries/PeriphDrivers/bin/MAX78000/softfp/libPeriphDriver_softfp.a(flc_me17.o) (MXC_FLC_RevA_Busy)
/home/victor/MaximSDK/Libraries/PeriphDrivers/bin/MAX78000/softfp/libPeriphDriver_softfp.a(gpio_ai85.o)
                              /home/victor/Documents/ai_test/ai8x-synthesis/synthed_net/cifar10_cmsisnnet/build/cnn.o (MXC_GPIO_Config)
/home/victor/MaximSDK/Libraries/PeriphDrivers/bin/MAX78000/softfp/libPeriphDriver_softfp.a(gpio_reva.o)
                              /home/victor/MaximSDK/Libraries/PeriphDrivers/bin/MAX78000/softfp/libPeriphDriver_softfp.a(gpio_ai85.o) (MXC_GPIO_RevA_InGet)
/home/victor/MaximSDK/Libraries/PeriphDrivers/bin/MAX78000/softfp/libPeriphDriver_softfp.a(i2c_me17.o)
                              /home/victor/Documents/ai_test/ai8x-synthesis/synthed_net/cifar10_cmsisnnet/build/max20303.o (MXC_I2C_Init)
/home/victor/MaximSDK/Libraries/PeriphDrivers/bin/MAX78000/softfp/libPeriphDriver_softfp.a(i2c_reva.o)
                              /home/victor/MaximSDK/Libraries/PeriphDrivers/bin/MAX78000/softfp/libPeriphDriver_softfp.a(i2c_me17.o) (MXC_I2C_RevA_DMACallback)
/home/victor/MaximSDK/Libraries/PeriphDrivers/bin/MAX78000/softfp/libPeriphDriver_softfp.a(icc_me17.o)
                              /home/victor/Documents/ai_test/ai8x-synthesis/synthed_net/cifar10_cmsisnnet/build/main.o (MXC_ICC_Enable)
/home/victor/MaximSDK/Libraries/PeriphDrivers/bin/MAX78000/softfp/libPeriphDriver_softfp.a(icc_reva.o)
                              /home/victor/MaximSDK/Libraries/PeriphDrivers/bin/MAX78000/softfp/libPeriphDriver_softfp.a(icc_me17.o) (MXC_ICC_RevA_ID)
/home/victor/MaximSDK/Libraries/PeriphDrivers/bin/MAX78000/softfp/libPeriphDriver_softfp.a(pt_me17.o)
                              /home/victor/Documents/ai_test/ai8x-synthesis/synthed_net/cifar10_cmsisnnet/build/camera.o (MXC_PT_Init)
/home/victor/MaximSDK/Libraries/PeriphDrivers/bin/MAX78000/softfp/libPeriphDriver_softfp.a(pt_reva.o)
                              /home/victor/MaximSDK/Libraries/PeriphDrivers/bin/MAX78000/softfp/libPeriphDriver_softfp.a(pt_me17.o) (MXC_PT_RevA_Init)
/home/victor/MaximSDK/Libraries/PeriphDrivers/bin/MAX78000/softfp/libPeriphDriver_softfp.a(spi_me17.o)
[...]
Memory Configuration

Name             Origin             Length             Attributes
ROM              0x0000000000000000 0x0000000000010000 xr
FLASH            0x0000000010000000 0x0000000000080000 xr
SRAM             0x0000000020000000 0x0000000000020000 xrw
*default*        0x0000000000000000 0xffffffffffffffff

Linker script and memory map

LOAD /home/victor/MaximSDK/Tools/GNUTools/10.3/bin/../lib/gcc/arm-none-eabi/10.3.1/thumb/v7e-m+fp/softfp/crti.o
LOAD /home/victor/MaximSDK/Tools/GNUTools/10.3/bin/../lib/gcc/arm-none-eabi/10.3.1/thumb/v7e-m+fp/softfp/crtbegin.o
LOAD /home/victor/MaximSDK/Tools/GNUTools/10.3/bin/../lib/gcc/arm-none-eabi/10.3.1/../../../../arm-none-eabi/lib/thumb/v7e-m+fp/softfp/crt0.o
LOAD /home/victor/Documents/ai_test/ai8x-synthesis/synthed_net/cifar10_cmsisnnet/build/cnn.o
LOAD /home/victor/Documents/ai_test/ai8x-synthesis/synthed_net/cifar10_cmsisnnet/build/main.o
LOAD /home/victor/Documents/ai_test/ai8x-synthesis/synthed_net/cifar10_cmsisnnet/build/softmax.o
LOAD /home/victor/Documents/ai_test/ai8x-synthesis/synthed_net/cifar10_cmsisnnet/build/board.o
LOAD /home/victor/Documents/ai_test/ai8x-synthesis/synthed_net/cifar10_cmsisnnet/build/stdio.o
LOAD /home/victor/Documents/ai_test/ai8x-synthesis/synthed_net/cifar10_cmsisnnet/build/led.o
LOAD /home/victor/Documents/ai_test/ai8x-synthesis/synthed_net/cifar10_cmsisnnet/build/pb.o
LOAD /home/victor/Documents/ai_test/ai8x-synthesis/synthed_net/cifar10_cmsisnnet/build/tft_ili9341.o
LOAD /home/victor/Documents/ai_test/ai8x-synthesis/synthed_net/cifar10_cmsisnnet/build/camera.o
LOAD /home/victor/Documents/ai_test/ai8x-synthesis/synthed_net/cifar10_cmsisnnet/build/ov7692.o
LOAD /home/victor/Documents/ai_test/ai8x-synthesis/synthed_net/cifar10_cmsisnnet/build/sccb.o
LOAD /home/victor/Documents/ai_test/ai8x-synthesis/synthed_net/cifar10_cmsisnnet/build/max20303.o
LOAD /home/victor/Documents/ai_test/ai8x-synthesis/synthed_net/cifar10_cmsisnnet/build/startup_max78000.o
LOAD /home/victor/Documents/ai_test/ai8x-synthesis/synthed_net/cifar10_cmsisnnet/build/heap.o
LOAD /home/victor/Documents/ai_test/ai8x-synthesis/synthed_net/cifar10_cmsisnnet/build/system_max78000.o
START GROUP
LOAD /home/victor/MaximSDK/Libraries/PeriphDrivers/bin/MAX78000/softfp/libPeriphDriver_softfp.a
LOAD /home/victor/MaximSDK/Tools/GNUTools/10.3/bin/../lib/gcc/arm-none-eabi/10.3.1/../../../../arm-none-eabi/lib/thumb/v7e-m+fp/softfp/libc.a
LOAD /home/victor/MaximSDK/Tools/GNUTools/10.3/bin/../lib/gcc/arm-none-eabi/10.3.1/../../../../arm-none-eabi/lib/thumb/v7e-m+fp/softfp/libm.a
LOAD /home/victor/MaximSDK/Tools/GNUTools/10.3/bin/../lib/gcc/arm-none-eabi/10.3.1/../../../../arm-none-eabi/lib/thumb/v7e-m+fp/softfp/libnosys.a
END GROUP
START GROUP
LOAD /home/victor/MaximSDK/Tools/GNUTools/10.3/bin/../lib/gcc/arm-none-eabi/10.3.1/thumb/v7e-m+fp/softfp/libgcc.a
LOAD /home/victor/MaximSDK/Tools/GNUTools/10.3/bin/../lib/gcc/arm-none-eabi/10.3.1/../../../../arm-none-eabi/lib/thumb/v7e-m+fp/softfp/libc.a
END GROUP
LOAD /home/victor/MaximSDK/Tools/GNUTools/10.3/bin/../lib/gcc/arm-none-eabi/10.3.1/thumb/v7e-m+fp/softfp/crtend.o
LOAD /home/victor/MaximSDK/Tools/GNUTools/10.3/bin/../lib/gcc/arm-none-eabi/10.3.1/thumb/v7e-m+fp/softfp/crtn.o

.rom
 *(.rom_vector)
 *(.rom_handlers*)

.text           0x0000000010000000    0x25a24
                0x0000000010000000                _text = .
 *(.isr_vector)
 .isr_vector    0x0000000010000000      0x1e0 /home/victor/Documents/ai_test/ai8x-synthesis/synthed_net/cifar10_cmsisnnet/build/startup_max78000.o
                0x0000000010000000                __isr_vector
 *(.text*)
 .text          0x00000000100001e0       0x40 /home/victor/MaximSDK/Tools/GNUTools/10.3/bin/../lib/gcc/arm-none-eabi/10.3.1/thumb/v7e-m+fp/softfp/crtbegin.o
 .text.CNN_ISR  0x0000000010000220       0x50 /home/victor/Documents/ai_test/ai8x-synthesis/synthed_net/cifar10_cmsisnnet/build/cnn.o
                0x0000000010000220                CNN_ISR
 .text.memcpy32
                0x0000000010000270       0x1c /home/victor/Documents/ai_test/ai8x-synthesis/synthed_net/cifar10_cmsisnnet/build/cnn.o
                0x0000000010000270                memcpy32
 .text.cnn_load_weights
                0x000000001000028c       0x4c /home/victor/Documents/ai_test/ai8x-synthesis/synthed_net/cifar10_cmsisnnet/build/cnn.o
                0x000000001000028c                cnn_load_weights
 .text.cnn_load_bias
                0x00000000100002d8       0x8c /home/victor/Documents/ai_test/ai8x-synthesis/synthed_net/cifar10_cmsisnnet/build/cnn.o
                0x00000000100002d8                cnn_load_bias
 .text.cnn_init
                0x0000000010000364       0x54 /home/victor/Documents/ai_test/ai8x-synthesis/synthed_net/cifar10_cmsisnnet/build/cnn.o
                0x0000000010000364                cnn_init
 .text.cnn_configure
                0x00000000100003b8      0x700 /home/victor/Documents/ai_test/ai8x-synthesis/synthed_net/cifar10_cmsisnnet/build/cnn.o
                0x00000000100003b8                cnn_configure
 .text.cnn_start
                0x0000000010000ab8       0x54 /home/victor/Documents/ai_test/ai8x-synthesis/synthed_net/cifar10_cmsisnnet/build/cnn.o
                0x0000000010000ab8                cnn_start
 .text.cnn_unload
                0x0000000010000b0c       0x3c /home/victor/Documents/ai_test/ai8x-synthesis/synthed_net/cifar10_cmsisnnet/build/cnn.o
                0x0000000010000b0c                cnn_unload
 .text.cnn_enable
                0x0000000010000b48       0x3c /home/victor/Documents/ai_test/ai8x-synthesis/synthed_net/cifar10_cmsisnnet/build/cnn.o
                0x0000000010000b48                cnn_enable
 .text.cnn_disable
                0x0000000010000b84       0x28 /home/victor/Documents/ai_test/ai8x-synthesis/synthed_net/cifar10_cmsisnnet/build/cnn.o
                0x0000000010000b84                cnn_disable
 .text.load_input
                0x0000000010000bac      0x220 /home/victor/Documents/ai_test/ai8x-synthesis/synthed_net/cifar10_cmsisnnet/build/main.o
                0x0000000010000bac                load_input
 .text.startup.main
                0x0000000010000dcc      0x238 /home/victor/Documents/ai_test/ai8x-synthesis/synthed_net/cifar10_cmsisnnet/build/main.o
                0x0000000010000dcc                main
 .text.softmax_q17p14_q15
                0x0000000010001004       0xa8 /home/victor/Documents/ai_test/ai8x-synthesis/synthed_net/cifar10_cmsisnnet/build/softmax.o
                0x0000000010001004                softmax_q17p14_q15
 .text.mxc_assert
                0x00000000100010ac       0x10 /home/victor/Documents/ai_test/ai8x-synthesis/synthed_net/cifar10_cmsisnnet/build/board.o
                0x00000000100010ac                mxc_assert
 .text.Board_Init
                0x00000000100010bc       0x6c /home/victor/Documents/ai_test/ai8x-synthesis/synthed_net/cifar10_cmsisnnet/build/board.o
                0x00000000100010bc                Board_Init
 .text.NMI_Handler
                0x0000000010001128        0x4 /home/victor/Documents/ai_test/ai8x-synthesis/synthed_net/cifar10_cmsisnnet/build/board.o
                0x0000000010001128                NMI_Handler
 .text.Camera_Power
                0x000000001000112c       0x1c /home/victor/Documents/ai_test/ai8x-synthesis/synthed_net/cifar10_cmsisnnet/build/board.o
                0x000000001000112c                Camera_Power
 .text._close   0x0000000010001148        0x8 /home/victor/Documents/ai_test/ai8x-synthesis/synthed_net/cifar10_cmsisnnet/build/stdio.o
                0x0000000010001148                _close
 .text._isatty  0x0000000010001150        0x8 /home/victor/Documents/ai_test/ai8x-synthesis/synthed_net/cifar10_cmsisnnet/build/stdio.o
                0x0000000010001150                _isatty
 .text._lseek   0x0000000010001158        0x8 /home/victor/Documents/ai_test/ai8x-synthesis/synthed_net/cifar10_cmsisnnet/build/stdio.o
                0x0000000010001158                _lseek
 .text._fstat   0x0000000010001160        0x8 /home/victor/Documents/ai_test/ai8x-synthesis/synthed_net/cifar10_cmsisnnet/build/stdio.o
                0x0000000010001160                _fstat
 .text._read    0x0000000010001168       0x50 /home/victor/Documents/ai_test/ai8x-synthesis/synthed_net/cifar10_cmsisnnet/build/stdio.o
                0x0000000010001168                _read
 .text._write   0x00000000100011b8       0x54 /home/victor/Documents/ai_test/ai8x-synthesis/synthed_net/cifar10_cmsisnnet/build/stdio.o
                0x00000000100011b8                _write
 .text.LED_Init
                0x000000001000120c       0x40 /home/victor/Documents/ai_test/ai8x-synthesis/synthed_net/cifar10_cmsisnnet/build/led.o
                0x000000001000120c                LED_Init
 .text.LED_On   0x000000001000124c       0x40 /home/victor/Documents/ai_test/ai8x-synthesis/synthed_net/cifar10_cmsisnnet/build/led.o
                0x000000001000124c                LED_On
 .text.LED_Off  0x000000001000128c       0x40 /home/victor/Documents/ai_test/ai8x-synthesis/synthed_net/cifar10_cmsisnnet/build/led.o
                0x000000001000128c                LED_Off
 .text.LED_Toggle
                0x00000000100012cc       0x40 /home/victor/Documents/ai_test/ai8x-synthesis/synthed_net/cifar10_cmsisnnet/build/led.o
                0x00000000100012cc                LED_Toggle
 .text.PB_Init  0x000000001000130c       0x38 /home/victor/Documents/ai_test/ai8x-synthesis/synthed_net/cifar10_cmsisnnet/build/pb.o
                0x000000001000130c                PB_Init
 .text.GPIO0_IRQHandler
                0x0000000010001344        0x8 /home/victor/Documents/ai_test/ai8x-synthesis/synthed_net/cifar10_cmsisnnet/build/pb.o
                0x0000000010001344                GPIO0_IRQHandler
 .text.GPIO1_IRQHandler
                0x000000001000134c        0x8 /home/victor/Documents/ai_test/ai8x-synthesis/synthed_net/cifar10_cmsisnnet/build/pb.o
                0x000000001000134c                GPIO1_IRQHandler
 .text.GPIO2_IRQHandler
                0x0000000010001354        0x8 /home/victor/Documents/ai_test/ai8x-synthesis/synthed_net/cifar10_cmsisnnet/build/pb.o
                0x0000000010001354                GPIO2_IRQHandler
 .text.PB_Get   0x000000001000135c       0x44 /home/victor/Documents/ai_test/ai8x-synthesis/synthed_net/cifar10_cmsisnnet/build/pb.o
                0x000000001000135c                PB_Get
 .text.camera_irq_handler
                0x00000000100013a0      0x13c /home/victor/Documents/ai_test/ai8x-synthesis/synthed_net/cifar10_cmsisnnet/build/camera.o
                0x00000000100013a0                camera_irq_handler
 .text.stream_callback
                0x00000000100014dc       0xbc /home/victor/Documents/ai_test/ai8x-synthesis/synthed_net/cifar10_cmsisnnet/build/camera.o
 .text.setup_dma
                0x0000000010001598       0x94 /home/victor/Documents/ai_test/ai8x-synthesis/synthed_net/cifar10_cmsisnnet/build/camera.o
 .text.stream_irq_handler
                0x000000001000162c        0x4 /home/victor/Documents/ai_test/ai8x-synthesis/synthed_net/cifar10_cmsisnnet/build/camera.o
                0x000000001000162c                stream_irq_handler
 .text.camera_init
                0x0000000010001630      0x12c /home/victor/Documents/ai_test/ai8x-synthesis/synthed_net/cifar10_cmsisnnet/build/camera.o
                0x0000000010001630                camera_init
 .text.camera_setup
                0x000000001000175c      0x1d8 /home/victor/Documents/ai_test/ai8x-synthesis/synthed_net/cifar10_cmsisnnet/build/camera.o
                0x000000001000175c                camera_setup
 .text.camera_start_capture_image
                0x0000000010001934       0x3c /home/victor/Documents/ai_test/ai8x-synthesis/synthed_net/cifar10_cmsisnnet/build/camera.o
                0x0000000010001934                camera_start_capture_image
 .text.camera_is_image_rcv
                0x0000000010001970       0x10 /home/victor/Documents/ai_test/ai8x-synthesis/synthed_net/cifar10_cmsisnnet/build/camera.o
                0x0000000010001970                camera_is_image_rcv
 .text.camera_get_image
                0x0000000010001980       0x3c /home/victor/Documents/ai_test/ai8x-synthesis/synthed_net/cifar10_cmsisnnet/build/camera.o
                0x0000000010001980                camera_get_image
 .text.init     0x00000000100019bc       0x10 /home/victor/Documents/ai_test/ai8x-synthesis/synthed_net/cifar10_cmsisnnet/build/ov7692.o
 .text.get_slave_address
                0x00000000100019cc        0xc /home/victor/Documents/ai_test/ai8x-synthesis/synthed_net/cifar10_cmsisnnet/build/ov7692.o
 .text.get_pixformat
                0x00000000100019d8       0x10 /home/victor/Documents/ai_test/ai8x-synthesis/synthed_net/cifar10_cmsisnnet/build/ov7692.o
 .text.set_saturation
                0x00000000100019e8        0x4 /home/victor/Documents/ai_test/ai8x-synthesis/synthed_net/cifar10_cmsisnnet/build/ov7692.o
 .text.get_luminance
                0x00000000100019ec       0x60 /home/victor/Documents/ai_test/ai8x-synthesis/synthed_net/cifar10_cmsisnnet/build/ov7692.o
 .text.read_reg
                0x0000000010001a4c       0x20 /home/victor/Documents/ai_test/ai8x-synthesis/synthed_net/cifar10_cmsisnnet/build/ov7692.o
 .text.get_manufacture_id
                0x0000000010001a6c       0x3c /home/victor/Documents/ai_test/ai8x-synthesis/synthed_net/cifar10_cmsisnnet/build/ov7692.o
 .text.get_product_id
                0x0000000010001aa8       0x3c /home/victor/Documents/ai_test/ai8x-synthesis/synthed_net/cifar10_cmsisnnet/build/ov7692.o
 .text.set_negateimage
                0x0000000010001ae4       0x90 /home/victor/Documents/ai_test/ai8x-synthesis/synthed_net/cifar10_cmsisnnet/build/ov7692.o
 .text.set_vflip
                0x0000000010001b74       0x3c /home/victor/Documents/ai_test/ai8x-synthesis/synthed_net/cifar10_cmsisnnet/build/ov7692.o
 .text.set_hmirror
                0x0000000010001bb0       0x3c /home/victor/Documents/ai_test/ai8x-synthesis/synthed_net/cifar10_cmsisnnet/build/ov7692.o
 .text.set_colorbar
                0x0000000010001bec       0x3c /home/victor/Documents/ai_test/ai8x-synthesis/synthed_net/cifar10_cmsisnnet/build/ov7692.o
 .text.set_gainceiling
                0x0000000010001c28       0xa0 /home/victor/Documents/ai_test/ai8x-synthesis/synthed_net/cifar10_cmsisnnet/build/ov7692.o
 .text.set_brightness
                0x0000000010001cc8       0xa8 /home/victor/Documents/ai_test/ai8x-synthesis/synthed_net/cifar10_cmsisnnet/build/ov7692.o
 .text.set_contrast
                0x0000000010001d70       0xa0 /home/victor/Documents/ai_test/ai8x-synthesis/synthed_net/cifar10_cmsisnnet/build/ov7692.o
 .text.set_windowing
                0x0000000010001e10      0x120 /home/victor/Documents/ai_test/ai8x-synthesis/synthed_net/cifar10_cmsisnnet/build/ov7692.o
 .text.set_framesize
                0x0000000010001f30       0xc0 /home/victor/Documents/ai_test/ai8x-synthesis/synthed_net/cifar10_cmsisnnet/build/ov7692.o
 .text.set_pixformat
                0x0000000010001ff0       0x54 /home/victor/Documents/ai_test/ai8x-synthesis/synthed_net/cifar10_cmsisnnet/build/ov7692.o
 .text.write_reg
                0x0000000010002044       0x18 /home/victor/Documents/ai_test/ai8x-synthesis/synthed_net/cifar10_cmsisnnet/build/ov7692.o
 .text.sleep    0x000000001000205c       0x3c /home/victor/Documents/ai_test/ai8x-synthesis/synthed_net/cifar10_cmsisnnet/build/ov7692.o
 .text.reset    0x0000000010002098       0x64 /home/victor/Documents/ai_test/ai8x-synthesis/synthed_net/cifar10_cmsisnnet/build/ov7692.o
 .text.dump_registers
                0x00000000100020fc       0xa4 /home/victor/Documents/ai_test/ai8x-synthesis/synthed_net/cifar10_cmsisnnet/build/ov7692.o
 .text.sensor_register
                0x00000000100021a0       0xbc /home/victor/Documents/ai_test/ai8x-synthesis/synthed_net/cifar10_cmsisnnet/build/ov7692.o
                0x00000000100021a0                sensor_register
 .text.send_byte
                0x000000001000225c       0x68 /home/victor/Documents/ai_test/ai8x-synthesis/synthed_net/cifar10_cmsisnnet/build/sccb.o
 .text.get_byte
                0x00000000100022c4       0x50 /home/victor/Documents/ai_test/ai8x-synthesis/synthed_net/cifar10_cmsisnnet/build/sccb.o
 .text.sccb_init
                0x0000000010002314       0x2c /home/victor/Documents/ai_test/ai8x-synthesis/synthed_net/cifar10_cmsisnnet/build/sccb.o
                0x0000000010002314                sccb_init
 .text.sccb_read_byt
                0x0000000010002340      0x11c /home/victor/Documents/ai_test/ai8x-synthesis/synthed_net/cifar10_cmsisnnet/build/sccb.o
                0x0000000010002340                sccb_read_byt
 .text.sccb_write_byt
                0x000000001000245c       0xa4 /home/victor/Documents/ai_test/ai8x-synthesis/synthed_net/cifar10_cmsisnnet/build/sccb.o
                0x000000001000245c                sccb_write_byt
 .text.reg_read
                0x0000000010002500       0x78 /home/victor/Documents/ai_test/ai8x-synthesis/synthed_net/cifar10_cmsisnnet/build/max20303.o
 .text.reg_write
                0x0000000010002578       0x60 /home/victor/Documents/ai_test/ai8x-synthesis/synthed_net/cifar10_cmsisnnet/build/max20303.o
 .text.reg_write_buf.constprop.0
                0x00000000100025d8       0x70 /home/victor/Documents/ai_test/ai8x-synthesis/synthed_net/cifar10_cmsisnnet/build/max20303.o
 .text.max20303_camera_power
                0x0000000010002648       0x68 /home/victor/Documents/ai_test/ai8x-synthesis/synthed_net/cifar10_cmsisnnet/build/max20303.o
                0x0000000010002648                max20303_camera_power
 .text.max20303_init
                0x00000000100026b0       0x68 /home/victor/Documents/ai_test/ai8x-synthesis/synthed_net/cifar10_cmsisnnet/build/max20303.o
                0x00000000100026b0                max20303_init
 .text          0x0000000010002718      0x148 /home/victor/Documents/ai_test/ai8x-synthesis/synthed_net/cifar10_cmsisnnet/build/startup_max78000.o
                0x0000000010002718                Reset_Handler
                0x0000000010002756                HardFault_Handler
                0x0000000010002758                MemManage_Handler
                0x000000001000275a                BusFault_Handler
                0x000000001000275c                UsageFault_Handler
                0x000000001000275e                SVC_Handler
                0x0000000010002760                DebugMon_Handler
                0x0000000010002762                PendSV_Handler
                0x0000000010002764                SysTick_Handler
                0x0000000010002766                Default_Handler
                0x0000000010002768                PF_IRQHandler
                0x000000001000276a                WDT0_IRQHandler
                0x000000001000276c                RSV02_IRQHandler
                0x000000001000276e                RTC_IRQHandler
                0x0000000010002770                TRNG_IRQHandler
                0x0000000010002772                TMR0_IRQHandler
                0x0000000010002774                TMR1_IRQHandler
                0x0000000010002776                TMR2_IRQHandler
                0x0000000010002778                TMR3_IRQHandler
                0x000000001000277a                TMR4_IRQHandler
                0x000000001000277c                TMR5_IRQHandler
                0x000000001000277e                RSV11_IRQHandler
                0x0000000010002780                RSV12_IRQHandler
                0x0000000010002782                I2C0_IRQHandler
                0x0000000010002784                UART0_IRQHandler
                0x0000000010002786                UART1_IRQHandler
                0x0000000010002788                SPI1_IRQHandler
                0x000000001000278a                RSV17_IRQHandler
                0x000000001000278c                RSV18_IRQHandler
                0x000000001000278e                RSV19_IRQHandler
                0x0000000010002790                ADC_IRQHandler
                0x0000000010002792                RSV21_IRQHandler
                0x0000000010002794                RSV22_IRQHandler
                0x0000000010002796                FLC0_IRQHandler
                0x000000001000279e                RSV27_IRQHandler
                0x00000000100027a0                DMA0_IRQHandler
                0x00000000100027a2                DMA1_IRQHandler
                0x00000000100027a4                DMA2_IRQHandler
                0x00000000100027a6                DMA3_IRQHandler
                0x00000000100027a8                RSV32_IRQHandler
                0x00000000100027aa                RSV33_IRQHandler
                0x00000000100027ac                UART2_IRQHandler
                0x00000000100027ae                RSV35_IRQHandler
                0x00000000100027b0                I2C1_IRQHandler
                0x00000000100027b2                RSV37_IRQHandler
                0x00000000100027b4                RSV38_IRQHandler
                0x00000000100027b6                RSV39_IRQHandler
                0x00000000100027b8                RSV40_IRQHandler
                0x00000000100027ba                RSV41_IRQHandler
                0x00000000100027bc                RSV42_IRQHandler
                0x00000000100027be                RSV43_IRQHandler
                0x00000000100027c0                RSV44_IRQHandler
                0x00000000100027c2                RSV45_IRQHandler
                0x00000000100027c4                RSV46_IRQHandler
                0x00000000100027c6                RSV47_IRQHandler
                0x00000000100027c8                RSV48_IRQHandler
                0x00000000100027ca                RSV49_IRQHandler
                0x00000000100027cc                RSV50_IRQHandler
                0x00000000100027ce                RSV51_IRQHandler
                0x00000000100027d0                RSV52_IRQHandler
                0x00000000100027d2                WUT_IRQHandler
                0x00000000100027d4                GPIOWAKE_IRQHandler
                0x00000000100027d6                RSV55_IRQHandler
                0x00000000100027d8                SPI0_IRQHandler
                0x00000000100027da                WDT1_IRQHandler
                0x00000000100027dc                RSV58_IRQHandler
                0x00000000100027de                PT_IRQHandler
                0x00000000100027e0                RSV60_IRQHandler
                0x00000000100027e2                RSV61_IRQHandler
                0x00000000100027e4                I2C2_IRQHandler
                0x00000000100027e6                RISCV_IRQHandler
                0x00000000100027e8                RSV64_IRQHandler
                0x00000000100027ea                RSV65_IRQHandler
                0x00000000100027ec                RSV66_IRQHandler
                0x00000000100027ee                OWM_IRQHandler
                0x00000000100027f0                RSV68_IRQHandler
                0x00000000100027f2                RSV69_IRQHandler
                0x00000000100027f4                RSV70_IRQHandler
                0x00000000100027f6                RSV71_IRQHandler
                0x00000000100027f8                RSV72_IRQHandler
                0x00000000100027fa                RSV73_IRQHandler
                0x00000000100027fc                RSV74_IRQHandler
                0x00000000100027fe                RSV75_IRQHandler
                0x0000000010002800                RSV76_IRQHandler
                0x0000000010002802                RSV77_IRQHandler
                0x0000000010002804                RSV78_IRQHandler
                0x0000000010002806                RSV79_IRQHandler
                0x0000000010002808                RSV80_IRQHandler
                0x000000001000280a                RSV81_IRQHandler
                0x000000001000280c                ECC_IRQHandler
                0x000000001000280e                DVS_IRQHandler
                0x0000000010002810                SIMO_IRQHandler
                0x0000000010002812                RSV85_IRQHandler
                0x0000000010002814                RSV86_IRQHandler
                0x0000000010002816                RSV87_IRQHandler
                0x0000000010002818                UART3_IRQHandler
                0x000000001000281a                RSV89_IRQHandler
                0x000000001000281c                RSV90_IRQHandler
                0x000000001000281e                PCIF_IRQHandler
                0x0000000010002820                RSV92_IRQHandler
                0x0000000010002822                RSV93_IRQHandler
                0x0000000010002824                RSV94_IRQHandler
                0x0000000010002826                RSV95_IRQHandler
                0x0000000010002828                RSV96_IRQHandler
                0x000000001000282a                AES_IRQHandler
                0x000000001000282c                RSV98_IRQHandler
                0x000000001000282e                I2S_IRQHandler
                0x0000000010002830                CNN_FIFO_IRQHandler
                0x0000000010002832                CNN_IRQHandler
                0x0000000010002834                RSV102_IRQHandler
                0x0000000010002836                LPCMP_IRQHandler
 .text._sbrk    0x0000000010002860       0x3c /home/victor/Documents/ai_test/ai8x-synthesis/synthed_net/cifar10_cmsisnnet/build/heap.o
                0x0000000010002860                _sbrk
 .text.SystemCoreClockUpdate
                0x000000001000289c       0x68 /home/victor/Documents/ai_test/ai8x-synthesis/synthed_net/cifar10_cmsisnnet/build/system_max78000.o
                0x000000001000289c                SystemCoreClockUpdate
 .text.PreInit  0x0000000010002904        0x4 /home/victor/Documents/ai_test/ai8x-synthesis/synthed_net/cifar10_cmsisnnet/build/system_max78000.o
                0x0000000010002904                PreInit
 .text.SystemInit
                0x0000000010002908       0x38 /home/victor/Documents/ai_test/ai8x-synthesis/synthed_net/cifar10_cmsisnnet/build/system_max78000.o
                0x0000000010002908                SystemInit
 .text.MXC_DelayInit
                0x0000000010002940       0x7c /home/victor/MaximSDK/Libraries/PeriphDrivers/bin/MAX78000/softfp/libPeriphDriver_softfp.a(mxc_delay.o)
 .text.MXC_DelayAsync
                0x00000000100029bc       0x3c /home/victor/MaximSDK/Libraries/PeriphDrivers/bin/MAX78000/softfp/libPeriphDriver_softfp.a(mxc_delay.o)
                0x00000000100029bc                MXC_DelayAsync
 .text.MXC_DelayCheck
                0x00000000100029f8       0x70 /home/victor/MaximSDK/Libraries/PeriphDrivers/bin/MAX78000/softfp/libPeriphDriver_softfp.a(mxc_delay.o)
                0x00000000100029f8                MXC_DelayCheck
 .text.MXC_DelayAbort
                0x0000000010002a68       0x34 /home/victor/MaximSDK/Libraries/PeriphDrivers/bin/MAX78000/softfp/libPeriphDriver_softfp.a(mxc_delay.o)
                0x0000000010002a68                MXC_DelayAbort
 .text.MXC_Delay
                0x0000000010002a9c       0x74 /home/victor/MaximSDK/Libraries/PeriphDrivers/bin/MAX78000/softfp/libPeriphDriver_softfp.a(mxc_delay.o)
                0x0000000010002a9c                MXC_Delay
 .text.MXC_SYS_IsClockEnabled
                0x0000000010002b10       0x44 /home/victor/MaximSDK/Libraries/PeriphDrivers/bin/MAX78000/softfp/libPeriphDriver_softfp.a(sys_ai85.o)
                0x0000000010002b10                MXC_SYS_IsClockEnabled
 .text.MXC_SYS_ClockDisable
                0x0000000010002b54       0x44 /home/victor/MaximSDK/Libraries/PeriphDrivers/bin/MAX78000/softfp/libPeriphDriver_softfp.a(sys_ai85.o)
                0x0000000010002b54                MXC_SYS_ClockDisable
 .text.MXC_SYS_ClockEnable
                0x0000000010002b98       0x4c /home/victor/MaximSDK/Libraries/PeriphDrivers/bin/MAX78000/softfp/libPeriphDriver_softfp.a(sys_ai85.o)
                0x0000000010002b98                MXC_SYS_ClockEnable
 .text.MXC_SYS_ClockSourceEnable
                0x0000000010002be4       0xec /home/victor/MaximSDK/Libraries/PeriphDrivers/bin/MAX78000/softfp/libPeriphDriver_softfp.a(sys_ai85.o)
                0x0000000010002be4                MXC_SYS_ClockSourceEnable
 .text.MXC_SYS_Clock_Select
                0x0000000010002cd0      0x17c /home/victor/MaximSDK/Libraries/PeriphDrivers/bin/MAX78000/softfp/libPeriphDriver_softfp.a(sys_ai85.o)
                0x0000000010002cd0                MXC_SYS_Clock_Select
 .text.MXC_SYS_Reset_Periph
                0x0000000010002e4c       0x50 /home/victor/MaximSDK/Libraries/PeriphDrivers/bin/MAX78000/softfp/libPeriphDriver_softfp.a(sys_ai85.o)
                0x0000000010002e4c                MXC_SYS_Reset_Periph
 .text.MXC_NVIC_SetVector
                0x0000000010002e9c       0x4c /home/victor/MaximSDK/Libraries/PeriphDrivers/bin/MAX78000/softfp/libPeriphDriver_softfp.a(nvic_table.o)
                0x0000000010002e9c                MXC_NVIC_SetVector
 .text.MXC_PCIF_Init
                0x0000000010002ee8       0x6c /home/victor/MaximSDK/Libraries/PeriphDrivers/bin/MAX78000/softfp/libPeriphDriver_softfp.a(cameraif_ai85.o)
                0x0000000010002ee8                MXC_PCIF_Init
 .text.MXC_PCIF_SetDataWidth
                0x0000000010002f54        0xc /home/victor/MaximSDK/Libraries/PeriphDrivers/bin/MAX78000/softfp/libPeriphDriver_softfp.a(cameraif_ai85.o)
                0x0000000010002f54                MXC_PCIF_SetDataWidth
 .text.MXC_PCIF_SetTimingSel
                0x0000000010002f60        0xc /home/victor/MaximSDK/Libraries/PeriphDrivers/bin/MAX78000/softfp/libPeriphDriver_softfp.a(cameraif_ai85.o)
                0x0000000010002f60                MXC_PCIF_SetTimingSel
 .text.MXC_PCIF_SetThreshold
                0x0000000010002f6c        0xc /home/victor/MaximSDK/Libraries/PeriphDrivers/bin/MAX78000/softfp/libPeriphDriver_softfp.a(cameraif_ai85.o)
                0x0000000010002f6c                MXC_PCIF_SetThreshold
 .text.MXC_PCIF_EnableInt
                0x0000000010002f78        0xc /home/victor/MaximSDK/Libraries/PeriphDrivers/bin/MAX78000/softfp/libPeriphDriver_softfp.a(cameraif_ai85.o)
                0x0000000010002f78                MXC_PCIF_EnableInt
 .text.MXC_PCIF_DisableInt
                0x0000000010002f84        0xc /home/victor/MaximSDK/Libraries/PeriphDrivers/bin/MAX78000/softfp/libPeriphDriver_softfp.a(cameraif_ai85.o)
                0x0000000010002f84                MXC_PCIF_DisableInt
 .text.MXC_PCIF_Start
                0x0000000010002f90        0xc /home/victor/MaximSDK/Libraries/PeriphDrivers/bin/MAX78000/softfp/libPeriphDriver_softfp.a(cameraif_ai85.o)
                0x0000000010002f90                MXC_PCIF_Start
 .text.MXC_PCIF_RevA_SetDatawidth
                0x0000000010002f9c       0x14 /home/victor/MaximSDK/Libraries/PeriphDrivers/bin/MAX78000/softfp/libPeriphDriver_softfp.a(cameraif_reva.o)
                0x0000000010002f9c                MXC_PCIF_RevA_SetDatawidth
 .text.MXC_PCIF_RevA_SetTimingSel
                0x0000000010002fb0       0x14 /home/victor/MaximSDK/Libraries/PeriphDrivers/bin/MAX78000/softfp/libPeriphDriver_softfp.a(cameraif_reva.o)
                0x0000000010002fb0                MXC_PCIF_RevA_SetTimingSel
 .text.MXC_PCIF_RevA_SetThreshold
                0x0000000010002fc4       0x18 /home/victor/MaximSDK/Libraries/PeriphDrivers/bin/MAX78000/softfp/libPeriphDriver_softfp.a(cameraif_reva.o)
                0x0000000010002fc4                MXC_PCIF_RevA_SetThreshold
 .text.MXC_PCIF_RevA_EnableInt
                0x0000000010002fdc        0xc /home/victor/MaximSDK/Libraries/PeriphDrivers/bin/MAX78000/softfp/libPeriphDriver_softfp.a(cameraif_reva.o)
                0x0000000010002fdc                MXC_PCIF_RevA_EnableInt
 .text.MXC_PCIF_RevA_DisableInt
                0x0000000010002fe8       0x10 /home/victor/MaximSDK/Libraries/PeriphDrivers/bin/MAX78000/softfp/libPeriphDriver_softfp.a(cameraif_reva.o)
                0x0000000010002fe8                MXC_PCIF_RevA_DisableInt
 .text.MXC_PCIF_RevA_Start
                0x0000000010002ff8       0x14 /home/victor/MaximSDK/Libraries/PeriphDrivers/bin/MAX78000/softfp/libPeriphDriver_softfp.a(cameraif_reva.o)
                0x0000000010002ff8                MXC_PCIF_RevA_Start
 .text.MXC_DMA_Init
                0x000000001000300c       0x30 /home/victor/MaximSDK/Libraries/PeriphDrivers/bin/MAX78000/softfp/libPeriphDriver_softfp.a(dma_me17.o)
                0x000000001000300c                MXC_DMA_Init
 .text.MXC_DMA_AcquireChannel
                0x000000001000303c        0xc /home/victor/MaximSDK/Libraries/PeriphDrivers/bin/MAX78000/softfp/libPeriphDriver_softfp.a(dma_me17.o)
                0x000000001000303c                MXC_DMA_AcquireChannel
 .text.MXC_DMA_SetCallback
                0x0000000010003048        0x4 /home/victor/MaximSDK/Libraries/PeriphDrivers/bin/MAX78000/softfp/libPeriphDriver_softfp.a(dma_me17.o)
                0x0000000010003048                MXC_DMA_SetCallback
 .text.MXC_DMA_ChannelClearFlags
                0x000000001000304c        0x4 /home/victor/MaximSDK/Libraries/PeriphDrivers/bin/MAX78000/softfp/libPeriphDriver_softfp.a(dma_me17.o)
                0x000000001000304c                MXC_DMA_ChannelClearFlags
 .text.MXC_DMA_Handler
                0x0000000010003050        0xc /home/victor/MaximSDK/Libraries/PeriphDrivers/bin/MAX78000/softfp/libPeriphDriver_softfp.a(dma_me17.o)
                0x0000000010003050                MXC_DMA_Handler
 .text.MXC_DMA_RevA_Init
                0x000000001000305c       0x94 /home/victor/MaximSDK/Libraries/PeriphDrivers/bin/MAX78000/softfp/libPeriphDriver_softfp.a(dma_reva.o)
                0x000000001000305c                MXC_DMA_RevA_Init
 .text.MXC_DMA_RevA_AcquireChannel
                0x00000000100030f0       0x74 /home/victor/MaximSDK/Libraries/PeriphDrivers/bin/MAX78000/softfp/libPeriphDriver_softfp.a(dma_reva.o)
                0x00000000100030f0                MXC_DMA_RevA_AcquireChannel
 .text.MXC_DMA_RevA_SetCallback
                0x0000000010003164       0x24 /home/victor/MaximSDK/Libraries/PeriphDrivers/bin/MAX78000/softfp/libPeriphDriver_softfp.a(dma_reva.o)
                0x0000000010003164                MXC_DMA_RevA_SetCallback
 .text.MXC_DMA_RevA_ChannelClearFlags
                0x0000000010003188       0x2c /home/victor/MaximSDK/Libraries/PeriphDrivers/bin/MAX78000/softfp/libPeriphDriver_softfp.a(dma_reva.o)
                0x0000000010003188                MXC_DMA_RevA_ChannelClearFlags
 .text.MXC_DMA_RevA_Handler
                0x00000000100031b4       0x80 /home/victor/MaximSDK/Libraries/PeriphDrivers/bin/MAX78000/softfp/libPeriphDriver_softfp.a(dma_reva.o)
                0x00000000100031b4                MXC_DMA_RevA_Handler
 .text.MXC_LP_EnterSleepMode
                0x0000000010003234       0x28 /home/victor/MaximSDK/Libraries/PeriphDrivers/bin/MAX78000/softfp/libPeriphDriver_softfp.a(lp_ai85.o)
                0x0000000010003234                MXC_LP_EnterSleepMode
 .text.MXC_GPIO_Config
                0x000000001000325c      0x204 /home/victor/MaximSDK/Libraries/PeriphDrivers/bin/MAX78000/softfp/libPeriphDriver_softfp.a(gpio_ai85.o)
                0x000000001000325c                MXC_GPIO_Config
 .text.MXC_GPIO_InGet
                0x0000000010003460       0x2c /home/victor/MaximSDK/Libraries/PeriphDrivers/bin/MAX78000/softfp/libPeriphDriver_softfp.a(gpio_ai85.o)
                0x0000000010003460                MXC_GPIO_InGet
 .text.MXC_GPIO_OutSet
                0x000000001000348c       0x34 /home/victor/MaximSDK/Libraries/PeriphDrivers/bin/MAX78000/softfp/libPeriphDriver_softfp.a(gpio_ai85.o)
                0x000000001000348c                MXC_GPIO_OutSet
 .text.MXC_GPIO_OutClr
                0x00000000100034c0       0x34 /home/victor/MaximSDK/Libraries/PeriphDrivers/bin/MAX78000/softfp/libPeriphDriver_softfp.a(gpio_ai85.o)
                0x00000000100034c0                MXC_GPIO_OutClr
 .text.MXC_GPIO_OutToggle
                0x00000000100034f4        0x4 /home/victor/MaximSDK/Libraries/PeriphDrivers/bin/MAX78000/softfp/libPeriphDriver_softfp.a(gpio_ai85.o)
                0x00000000100034f4                MXC_GPIO_OutToggle
 .text.MXC_GPIO_Handler
                0x00000000100034f8        0x4 /home/victor/MaximSDK/Libraries/PeriphDrivers/bin/MAX78000/softfp/libPeriphDriver_softfp.a(gpio_ai85.o)
                0x00000000100034f8                MXC_GPIO_Handler
 .text.MXC_GPIO_ClearFlags
                0x00000000100034fc        0x4 /home/victor/MaximSDK/Libraries/PeriphDrivers/bin/MAX78000/softfp/libPeriphDriver_softfp.a(gpio_ai85.o)
                0x00000000100034fc                MXC_GPIO_ClearFlags
 .text.MXC_GPIO_GetFlags
                0x0000000010003500        0x4 /home/victor/MaximSDK/Libraries/PeriphDrivers/bin/MAX78000/softfp/libPeriphDriver_softfp.a(gpio_ai85.o)
                0x0000000010003500                MXC_GPIO_GetFlags
 .text.MXC_GPIO_SetVSSEL
                0x0000000010003504        0x4 /home/victor/MaximSDK/Libraries/PeriphDrivers/bin/MAX78000/softfp/libPeriphDriver_softfp.a(gpio_ai85.o)
                0x0000000010003504                MXC_GPIO_SetVSSEL
 .text.MXC_GPIO_RevA_InGet
                0x0000000010003508        0x8 /home/victor/MaximSDK/Libraries/PeriphDrivers/bin/MAX78000/softfp/libPeriphDriver_softfp.a(gpio_reva.o)
                0x0000000010003508                MXC_GPIO_RevA_InGet
 .text.MXC_GPIO_RevA_OutSet
                0x0000000010003510        0x4 /home/victor/MaximSDK/Libraries/PeriphDrivers/bin/MAX78000/softfp/libPeriphDriver_softfp.a(gpio_reva.o)
                0x0000000010003510                MXC_GPIO_RevA_OutSet
 .text.MXC_GPIO_RevA_OutClr
                0x0000000010003514        0x4 /home/victor/MaximSDK/Libraries/PeriphDrivers/bin/MAX78000/softfp/libPeriphDriver_softfp.a(gpio_reva.o)
                0x0000000010003514                MXC_GPIO_RevA_OutClr
 .text.MXC_GPIO_RevA_OutToggle
                0x0000000010003518        0x8 /home/victor/MaximSDK/Libraries/PeriphDrivers/bin/MAX78000/softfp/libPeriphDriver_softfp.a(gpio_reva.o)
                0x0000000010003518                MXC_GPIO_RevA_OutToggle
 .text.MXC_GPIO_RevA_ClearFlags
                0x0000000010003520        0x4 /home/victor/MaximSDK/Libraries/PeriphDrivers/bin/MAX78000/softfp/libPeriphDriver_softfp.a(gpio_reva.o)
                0x0000000010003520                MXC_GPIO_RevA_ClearFlags
 .text.MXC_GPIO_RevA_GetFlags
                0x0000000010003524        0x4 /home/victor/MaximSDK/Libraries/PeriphDrivers/bin/MAX78000/softfp/libPeriphDriver_softfp.a(gpio_reva.o)
                0x0000000010003524                MXC_GPIO_RevA_GetFlags
 .text.MXC_GPIO_RevA_SetVSSEL
                0x0000000010003528       0x30 /home/victor/MaximSDK/Libraries/PeriphDrivers/bin/MAX78000/softfp/libPeriphDriver_softfp.a(gpio_reva.o)
                0x0000000010003528                MXC_GPIO_RevA_SetVSSEL
 .text.MXC_GPIO_RevA_SetAF
                0x0000000010003558       0x68 /home/victor/MaximSDK/Libraries/PeriphDrivers/bin/MAX78000/softfp/libPeriphDriver_softfp.a(gpio_reva.o)
                0x0000000010003558                MXC_GPIO_RevA_SetAF
 .text.MXC_I2C_SetSlaveAddr
                0x00000000100035c0        0x4 /home/victor/MaximSDK/Libraries/PeriphDrivers/bin/MAX78000/softfp/libPeriphDriver_softfp.a(i2c_me17.o)
                0x00000000100035c0                MXC_I2C_SetSlaveAddr
 .text.MXC_I2C_Shutdown
                0x00000000100035c4       0x58 /home/victor/MaximSDK/Libraries/PeriphDrivers/bin/MAX78000/softfp/libPeriphDriver_softfp.a(i2c_me17.o)
                0x00000000100035c4                MXC_I2C_Shutdown
 .text.MXC_I2C_Init
                0x000000001000361c       0x94 /home/victor/MaximSDK/Libraries/PeriphDrivers/bin/MAX78000/softfp/libPeriphDriver_softfp.a(i2c_me17.o)
                0x000000001000361c                MXC_I2C_Init
 .text.MXC_I2C_SetFrequency
                0x00000000100036b0       0x14 /home/victor/MaximSDK/Libraries/PeriphDrivers/bin/MAX78000/softfp/libPeriphDriver_softfp.a(i2c_me17.o)
                0x00000000100036b0                MXC_I2C_SetFrequency
 .text.MXC_I2C_GetFrequency
                0x00000000100036c4        0x4 /home/victor/MaximSDK/Libraries/PeriphDrivers/bin/MAX78000/softfp/libPeriphDriver_softfp.a(i2c_me17.o)
                0x00000000100036c4                MXC_I2C_GetFrequency
 .text.MXC_I2C_ClearRXFIFO
                0x00000000100036c8        0x4 /home/victor/MaximSDK/Libraries/PeriphDrivers/bin/MAX78000/softfp/libPeriphDriver_softfp.a(i2c_me17.o)
                0x00000000100036c8                MXC_I2C_ClearRXFIFO
 .text.MXC_I2C_ClearTXFIFO
                0x00000000100036cc        0x4 /home/victor/MaximSDK/Libraries/PeriphDrivers/bin/MAX78000/softfp/libPeriphDriver_softfp.a(i2c_me17.o)
                0x00000000100036cc                MXC_I2C_ClearTXFIFO
 .text.MXC_I2C_Recover
                0x00000000100036d0        0x4 /home/victor/MaximSDK/Libraries/PeriphDrivers/bin/MAX78000/softfp/libPeriphDriver_softfp.a(i2c_me17.o)
                0x00000000100036d0                MXC_I2C_Recover
 .text.MXC_I2C_SetRXThreshold
                0x00000000100036d4        0x4 /home/victor/MaximSDK/Libraries/PeriphDrivers/bin/MAX78000/softfp/libPeriphDriver_softfp.a(i2c_me17.o)
                0x00000000100036d4                MXC_I2C_SetRXThreshold
 .text.MXC_I2C_SetTXThreshold
                0x00000000100036d8        0x4 /home/victor/MaximSDK/Libraries/PeriphDrivers/bin/MAX78000/softfp/libPeriphDriver_softfp.a(i2c_me17.o)
                0x00000000100036d8                MXC_I2C_SetTXThreshold
 .text.MXC_I2C_RevA_Init
                0x00000000100036dc       0xd0 /home/victor/MaximSDK/Libraries/PeriphDrivers/bin/MAX78000/softfp/libPeriphDriver_softfp.a(i2c_reva.o)
                0x00000000100036dc                MXC_I2C_RevA_Init
 .text.MXC_I2C_RevA_SetSlaveAddr
                0x00000000100037ac       0x34 /home/victor/MaximSDK/Libraries/PeriphDrivers/bin/MAX78000/softfp/libPeriphDriver_softfp.a(i2c_reva.o)
                0x00000000100037ac                MXC_I2C_RevA_SetSlaveAddr
 .text.MXC_I2C_RevA_SetFrequency
                0x00000000100037e0       0x78 /home/victor/MaximSDK/Libraries/PeriphDrivers/bin/MAX78000/softfp/libPeriphDriver_softfp.a(i2c_reva.o)
                0x00000000100037e0                MXC_I2C_RevA_SetFrequency
 .text.MXC_I2C_RevA_GetFrequency
                0x0000000010003858       0x20 /home/victor/MaximSDK/Libraries/PeriphDrivers/bin/MAX78000/softfp/libPeriphDriver_softfp.a(i2c_reva.o)
                0x0000000010003858                MXC_I2C_RevA_GetFrequency
 .text.MXC_I2C_RevA_ClearRXFIFO
                0x0000000010003878       0x10 /home/victor/MaximSDK/Libraries/PeriphDrivers/bin/MAX78000/softfp/libPeriphDriver_softfp.a(i2c_reva.o)
                0x0000000010003878                MXC_I2C_RevA_ClearRXFIFO
 .text.MXC_I2C_RevA_ClearTXFIFO
                0x0000000010003888       0x10 /home/victor/MaximSDK/Libraries/PeriphDrivers/bin/MAX78000/softfp/libPeriphDriver_softfp.a(i2c_reva.o)
                0x0000000010003888                MXC_I2C_RevA_ClearTXFIFO
 .text.MXC_I2C_RevA_Recover
                0x0000000010003898       0xd8 /home/victor/MaximSDK/Libraries/PeriphDrivers/bin/MAX78000/softfp/libPeriphDriver_softfp.a(i2c_reva.o)
                0x0000000010003898                MXC_I2C_RevA_Recover
 .text.MXC_I2C_RevA_SetRXThreshold
                0x0000000010003970       0x20 /home/victor/MaximSDK/Libraries/PeriphDrivers/bin/MAX78000/softfp/libPeriphDriver_softfp.a(i2c_reva.o)
                0x0000000010003970                MXC_I2C_RevA_SetRXThreshold
 .text.MXC_I2C_RevA_SetTXThreshold
                0x0000000010003990       0x24 /home/victor/MaximSDK/Libraries/PeriphDrivers/bin/MAX78000/softfp/libPeriphDriver_softfp.a(i2c_reva.o)
                0x0000000010003990                MXC_I2C_RevA_SetTXThreshold
 .text.MXC_ICC_Enable
                0x00000000100039b4        0x4 /home/victor/MaximSDK/Libraries/PeriphDrivers/bin/MAX78000/softfp/libPeriphDriver_softfp.a(icc_me17.o)
                0x00000000100039b4                MXC_ICC_Enable
 .text.MXC_ICC_RevA_Enable
                0x00000000100039b8       0x30 /home/victor/MaximSDK/Libraries/PeriphDrivers/bin/MAX78000/softfp/libPeriphDriver_softfp.a(icc_reva.o)
                0x00000000100039b8                MXC_ICC_RevA_Enable
 .text.MXC_PT_Init
                0x00000000100039e8      0x128 /home/victor/MaximSDK/Libraries/PeriphDrivers/bin/MAX78000/softfp/libPeriphDriver_softfp.a(pt_me17.o)
                0x00000000100039e8                MXC_PT_Init
 .text.MXC_PT_Config
                0x0000000010003b10       0x5c /home/victor/MaximSDK/Libraries/PeriphDrivers/bin/MAX78000/softfp/libPeriphDriver_softfp.a(pt_me17.o)
                0x0000000010003b10                MXC_PT_Config
 .text.MXC_PT_SqrWaveConfig
                0x0000000010003b6c       0x20 /home/victor/MaximSDK/Libraries/PeriphDrivers/bin/MAX78000/softfp/libPeriphDriver_softfp.a(pt_me17.o)
                0x0000000010003b6c                MXC_PT_SqrWaveConfig
 .text.MXC_PT_Start
                0x0000000010003b8c        0xc /home/victor/MaximSDK/Libraries/PeriphDrivers/bin/MAX78000/softfp/libPeriphDriver_softfp.a(pt_me17.o)
                0x0000000010003b8c                MXC_PT_Start
 .text.MXC_PT_IsActive
                0x0000000010003b98        0xc /home/victor/MaximSDK/Libraries/PeriphDrivers/bin/MAX78000/softfp/libPeriphDriver_softfp.a(pt_me17.o)
                0x0000000010003b98                MXC_PT_IsActive
 .text.MXC_PT_RevA_Init
                0x0000000010003ba4        0xc /home/victor/MaximSDK/Libraries/PeriphDrivers/bin/MAX78000/softfp/libPeriphDriver_softfp.a(pt_reva.o)
                0x0000000010003ba4                MXC_PT_RevA_Init
 .text.MXC_PT_RevA_Config
                0x0000000010003bb0       0xc4 /home/victor/MaximSDK/Libraries/PeriphDrivers/bin/MAX78000/softfp/libPeriphDriver_softfp.a(pt_reva.o)
                0x0000000010003bb0                MXC_PT_RevA_Config
 .text.MXC_PT_RevA_SqrWaveConfig
                0x0000000010003c74       0x18 /home/victor/MaximSDK/Libraries/PeriphDrivers/bin/MAX78000/softfp/libPeriphDriver_softfp.a(pt_reva.o)
                0x0000000010003c74                MXC_PT_RevA_SqrWaveConfig
 .text.MXC_PT_RevA_Start
                0x0000000010003c8c       0x10 /home/victor/MaximSDK/Libraries/PeriphDrivers/bin/MAX78000/softfp/libPeriphDriver_softfp.a(pt_reva.o)
                0x0000000010003c8c                MXC_PT_RevA_Start
 .text.MXC_PT_RevA_IsActive
                0x0000000010003c9c        0xc /home/victor/MaximSDK/Libraries/PeriphDrivers/bin/MAX78000/softfp/libPeriphDriver_softfp.a(pt_reva.o)
                0x0000000010003c9c                MXC_PT_RevA_IsActive
 .text.MXC_TMR_Init
                0x0000000010003ca8      0x344 /home/victor/MaximSDK/Libraries/PeriphDrivers/bin/MAX78000/softfp/libPeriphDriver_softfp.a(tmr_ai85.o)
                0x0000000010003ca8                MXC_TMR_Init
 .text.MXC_TMR_Start
                0x0000000010003fec        0x4 /home/victor/MaximSDK/Libraries/PeriphDrivers/bin/MAX78000/softfp/libPeriphDriver_softfp.a(tmr_ai85.o)
                0x0000000010003fec                MXC_TMR_Start
 .text.MXC_TMR_Stop
                0x0000000010003ff0        0x4 /home/victor/MaximSDK/Libraries/PeriphDrivers/bin/MAX78000/softfp/libPeriphDriver_softfp.a(tmr_ai85.o)
                0x0000000010003ff0                MXC_TMR_Stop
 .text.MXC_TMR_ClearFlags
                0x0000000010003ff4        0x4 /home/victor/MaximSDK/Libraries/PeriphDrivers/bin/MAX78000/softfp/libPeriphDriver_softfp.a(tmr_ai85.o)
                0x0000000010003ff4                MXC_TMR_ClearFlags
 .text.MXC_TMR_SetCount
                0x0000000010003ff8        0x4 /home/victor/MaximSDK/Libraries/PeriphDrivers/bin/MAX78000/softfp/libPeriphDriver_softfp.a(tmr_ai85.o)
                0x0000000010003ff8                MXC_TMR_SetCount
 .text.MXC_TMR_TO_Start
                0x0000000010003ffc        0x4 /home/victor/MaximSDK/Libraries/PeriphDrivers/bin/MAX78000/softfp/libPeriphDriver_softfp.a(tmr_ai85.o)
                0x0000000010003ffc                MXC_TMR_TO_Start
 .text.MXC_TMR_TO_Stop
                0x0000000010004000        0x4 /home/victor/MaximSDK/Libraries/PeriphDrivers/bin/MAX78000/softfp/libPeriphDriver_softfp.a(tmr_ai85.o)
                0x0000000010004000                MXC_TMR_TO_Stop
 .text.MXC_TMR_TO_Elapsed
                0x0000000010004004        0x4 /home/victor/MaximSDK/Libraries/PeriphDrivers/bin/MAX78000/softfp/libPeriphDriver_softfp.a(tmr_ai85.o)
                0x0000000010004004                MXC_TMR_TO_Elapsed
 .text.MXC_TMR_SW_Start
                0x0000000010004008        0x4 /home/victor/MaximSDK/Libraries/PeriphDrivers/bin/MAX78000/softfp/libPeriphDriver_softfp.a(tmr_ai85.o)
                0x0000000010004008                MXC_TMR_SW_Start
 .text.MXC_TMR_SW_Stop
                0x000000001000400c        0x4 /home/victor/MaximSDK/Libraries/PeriphDrivers/bin/MAX78000/softfp/libPeriphDriver_softfp.a(tmr_ai85.o)
                0x000000001000400c                MXC_TMR_SW_Stop
 .text.MXC_TMR_GetTime
                0x0000000010004010        0x4 /home/victor/MaximSDK/Libraries/PeriphDrivers/bin/MAX78000/softfp/libPeriphDriver_softfp.a(tmr_ai85.o)
                0x0000000010004010                MXC_TMR_GetTime
 .text.MXC_TMR_RevB_ConfigGeneric
                0x0000000010004014       0xe8 /home/victor/MaximSDK/Libraries/PeriphDrivers/bin/MAX78000/softfp/libPeriphDriver_softfp.a(tmr_revb.o)
                0x0000000010004014                MXC_TMR_RevB_ConfigGeneric
 .text.MXC_TMR_RevB_Init
                0x00000000100040fc       0xc8 /home/victor/MaximSDK/Libraries/PeriphDrivers/bin/MAX78000/softfp/libPeriphDriver_softfp.a(tmr_revb.o)
                0x00000000100040fc                MXC_TMR_RevB_Init
 .text.MXC_TMR_RevB_Start
                0x00000000100041c4       0x5c /home/victor/MaximSDK/Libraries/PeriphDrivers/bin/MAX78000/softfp/libPeriphDriver_softfp.a(tmr_revb.o)
                0x00000000100041c4                MXC_TMR_RevB_Start
 .text.MXC_TMR_RevB_Stop
                0x0000000010004220       0x58 /home/victor/MaximSDK/Libraries/PeriphDrivers/bin/MAX78000/softfp/libPeriphDriver_softfp.a(tmr_revb.o)
                0x0000000010004220                MXC_TMR_RevB_Stop
 .text.MXC_TMR_RevB_ClearFlags
                0x0000000010004278       0x58 /home/victor/MaximSDK/Libraries/PeriphDrivers/bin/MAX78000/softfp/libPeriphDriver_softfp.a(tmr_revb.o)
                0x0000000010004278                MXC_TMR_RevB_ClearFlags
 .text.MXC_TMR_RevB_SetCount
                0x00000000100042d0       0x5c /home/victor/MaximSDK/Libraries/PeriphDrivers/bin/MAX78000/softfp/libPeriphDriver_softfp.a(tmr_revb.o)
                0x00000000100042d0                MXC_TMR_RevB_SetCount
 .text.MXC_TMR_RevB_TO_Start
                0x000000001000432c       0xe4 /home/victor/MaximSDK/Libraries/PeriphDrivers/bin/MAX78000/softfp/libPeriphDriver_softfp.a(tmr_revb.o)
                0x000000001000432c                MXC_TMR_RevB_TO_Start
 .text.MXC_TMR_RevB_GetTime
                0x0000000010004410      0x138 /home/victor/MaximSDK/Libraries/PeriphDrivers/bin/MAX78000/softfp/libPeriphDriver_softfp.a(tmr_revb.o)
                0x0000000010004410                MXC_TMR_RevB_GetTime
 .text.MXC_UART_GetFrequency.part.0
                0x0000000010004548       0x64 /home/victor/MaximSDK/Libraries/PeriphDrivers/bin/MAX78000/softfp/libPeriphDriver_softfp.a(uart_ai85.o)
 .text.MXC_UART_Shutdown
                0x00000000100045ac       0x70 /home/victor/MaximSDK/Libraries/PeriphDrivers/bin/MAX78000/softfp/libPeriphDriver_softfp.a(uart_ai85.o)
                0x00000000100045ac                MXC_UART_Shutdown
 .text.MXC_UART_Init
                0x000000001000461c       0xb8 /home/victor/MaximSDK/Libraries/PeriphDrivers/bin/MAX78000/softfp/libPeriphDriver_softfp.a(uart_ai85.o)
                0x000000001000461c                MXC_UART_Init
 .text.MXC_UART_SetFrequency
                0x00000000100046d4       0xc4 /home/victor/MaximSDK/Libraries/PeriphDrivers/bin/MAX78000/softfp/libPeriphDriver_softfp.a(uart_ai85.o)
                0x00000000100046d4                MXC_UART_SetFrequency
 .text.MXC_UART_GetFrequency
                0x0000000010004798       0x30 /home/victor/MaximSDK/Libraries/PeriphDrivers/bin/MAX78000/softfp/libPeriphDriver_softfp.a(uart_ai85.o)
                0x0000000010004798                MXC_UART_GetFrequency
 .text.MXC_UART_SetDataSize
                0x00000000100047c8        0x4 /home/victor/MaximSDK/Libraries/PeriphDrivers/bin/MAX78000/softfp/libPeriphDriver_softfp.a(uart_ai85.o)
                0x00000000100047c8                MXC_UART_SetDataSize
 .text.MXC_UART_SetStopBits
                0x00000000100047cc        0x4 /home/victor/MaximSDK/Libraries/PeriphDrivers/bin/MAX78000/softfp/libPeriphDriver_softfp.a(uart_ai85.o)
                0x00000000100047cc                MXC_UART_SetStopBits
 .text.MXC_UART_SetParity
                0x00000000100047d0        0x4 /home/victor/MaximSDK/Libraries/PeriphDrivers/bin/MAX78000/softfp/libPeriphDriver_softfp.a(uart_ai85.o)
                0x00000000100047d0                MXC_UART_SetParity
 .text.MXC_UART_ReadCharacterRaw
                0x00000000100047d4        0x4 /home/victor/MaximSDK/Libraries/PeriphDrivers/bin/MAX78000/softfp/libPeriphDriver_softfp.a(uart_ai85.o)
                0x00000000100047d4                MXC_UART_ReadCharacterRaw
 .text.MXC_UART_WriteCharacterRaw
                0x00000000100047d8        0x4 /home/victor/MaximSDK/Libraries/PeriphDrivers/bin/MAX78000/softfp/libPeriphDriver_softfp.a(uart_ai85.o)
                0x00000000100047d8                MXC_UART_WriteCharacterRaw
 .text.MXC_UART_ReadCharacter
                0x00000000100047dc        0x4 /home/victor/MaximSDK/Libraries/PeriphDrivers/bin/MAX78000/softfp/libPeriphDriver_softfp.a(uart_ai85.o)
                0x00000000100047dc                MXC_UART_ReadCharacter
 .text.MXC_UART_WriteCharacter
                0x00000000100047e0        0x4 /home/victor/MaximSDK/Libraries/PeriphDrivers/bin/MAX78000/softfp/libPeriphDriver_softfp.a(uart_ai85.o)
                0x00000000100047e0                MXC_UART_WriteCharacter
 .text.MXC_UART_GetRXFIFOAvailable
                0x00000000100047e4        0x4 /home/victor/MaximSDK/Libraries/PeriphDrivers/bin/MAX78000/softfp/libPeriphDriver_softfp.a(uart_ai85.o)
                0x00000000100047e4                MXC_UART_GetRXFIFOAvailable
 .text.MXC_UART_GetTXFIFOAvailable
                0x00000000100047e8        0x4 /home/victor/MaximSDK/Libraries/PeriphDrivers/bin/MAX78000/softfp/libPeriphDriver_softfp.a(uart_ai85.o)
                0x00000000100047e8                MXC_UART_GetTXFIFOAvailable
 .text.MXC_UART_SetRXThreshold
                0x00000000100047ec        0x4 /home/victor/MaximSDK/Libraries/PeriphDrivers/bin/MAX78000/softfp/libPeriphDriver_softfp.a(uart_ai85.o)
                0x00000000100047ec                MXC_UART_SetRXThreshold
 .text.MXC_UART_Common_ReadCharacter
                0x00000000100047f0       0x18 /home/victor/MaximSDK/Libraries/PeriphDrivers/bin/MAX78000/softfp/libPeriphDriver_softfp.a(uart_common.o)
                0x00000000100047f0                MXC_UART_Common_ReadCharacter
 .text.MXC_UART_Common_WriteCharacter
                0x0000000010004808       0x1c /home/victor/MaximSDK/Libraries/PeriphDrivers/bin/MAX78000/softfp/libPeriphDriver_softfp.a(uart_common.o)
                0x0000000010004808                MXC_UART_Common_WriteCharacter
 .text.MXC_UART_RevB_Init
                0x0000000010004824       0x70 /home/victor/MaximSDK/Libraries/PeriphDrivers/bin/MAX78000/softfp/libPeriphDriver_softfp.a(uart_revb.o)
                0x0000000010004824                MXC_UART_RevB_Init
 .text.MXC_UART_RevB_SetFrequency
                0x0000000010004894       0x9c /home/victor/MaximSDK/Libraries/PeriphDrivers/bin/MAX78000/softfp/libPeriphDriver_softfp.a(uart_revb.o)
                0x0000000010004894                MXC_UART_RevB_SetFrequency
 .text.MXC_UART_RevB_GetFrequency
                0x0000000010004930       0x74 /home/victor/MaximSDK/Libraries/PeriphDrivers/bin/MAX78000/softfp/libPeriphDriver_softfp.a(uart_revb.o)
                0x0000000010004930                MXC_UART_RevB_GetFrequency
 .text.MXC_UART_RevB_SetDataSize
                0x00000000100049a4       0x40 /home/victor/MaximSDK/Libraries/PeriphDrivers/bin/MAX78000/softfp/libPeriphDriver_softfp.a(uart_revb.o)
                0x00000000100049a4                MXC_UART_RevB_SetDataSize
 .text.MXC_UART_RevB_SetStopBits
                0x00000000100049e4       0x4c /home/victor/MaximSDK/Libraries/PeriphDrivers/bin/MAX78000/softfp/libPeriphDriver_softfp.a(uart_revb.o)
                0x00000000100049e4                MXC_UART_RevB_SetStopBits
 .text.MXC_UART_RevB_SetParity
                0x0000000010004a30       0xb4 /home/victor/MaximSDK/Libraries/PeriphDrivers/bin/MAX78000/softfp/libPeriphDriver_softfp.a(uart_revb.o)
                0x0000000010004a30                MXC_UART_RevB_SetParity
 .text.MXC_UART_RevB_ReadCharacterRaw
                0x0000000010004ae4       0x38 /home/victor/MaximSDK/Libraries/PeriphDrivers/bin/MAX78000/softfp/libPeriphDriver_softfp.a(uart_revb.o)
                0x0000000010004ae4                MXC_UART_RevB_ReadCharacterRaw
 .text.MXC_UART_RevB_WriteCharacterRaw
                0x0000000010004b1c       0x3c /home/victor/MaximSDK/Libraries/PeriphDrivers/bin/MAX78000/softfp/libPeriphDriver_softfp.a(uart_revb.o)
                0x0000000010004b1c                MXC_UART_RevB_WriteCharacterRaw
 .text.MXC_UART_RevB_GetRXFIFOAvailable
                0x0000000010004b58        0x8 /home/victor/MaximSDK/Libraries/PeriphDrivers/bin/MAX78000/softfp/libPeriphDriver_softfp.a(uart_revb.o)
                0x0000000010004b58                MXC_UART_RevB_GetRXFIFOAvailable
 .text.MXC_UART_RevB_GetTXFIFOAvailable
                0x0000000010004b60        0xc /home/victor/MaximSDK/Libraries/PeriphDrivers/bin/MAX78000/softfp/libPeriphDriver_softfp.a(uart_revb.o)
                0x0000000010004b60                MXC_UART_RevB_GetTXFIFOAvailable
 .text.MXC_UART_RevB_SetRXThreshold
                0x0000000010004b6c       0x40 /home/victor/MaximSDK/Libraries/PeriphDrivers/bin/MAX78000/softfp/libPeriphDriver_softfp.a(uart_revb.o)
                0x0000000010004b6c                MXC_UART_RevB_SetRXThreshold
 .text.MXC_GetLock
                0x0000000010004bac       0x1c /home/victor/MaximSDK/Libraries/PeriphDrivers/bin/MAX78000/softfp/libPeriphDriver_softfp.a(mxc_lock.o)
                0x0000000010004bac                MXC_GetLock
 .text.MXC_FreeLock
                0x0000000010004bc8        0xc /home/victor/MaximSDK/Libraries/PeriphDrivers/bin/MAX78000/softfp/libPeriphDriver_softfp.a(mxc_lock.o)
                0x0000000010004bc8                MXC_FreeLock
 .text.MXC_GPIO_Common_Init
                0x0000000010004bd4       0x24 /home/victor/MaximSDK/Libraries/PeriphDrivers/bin/MAX78000/softfp/libPeriphDriver_softfp.a(gpio_common.o)
                0x0000000010004bd4                MXC_GPIO_Common_Init
 .text.MXC_GPIO_Common_Handler
                0x0000000010004bf8       0x88 /home/victor/MaximSDK/Libraries/PeriphDrivers/bin/MAX78000/softfp/libPeriphDriver_softfp.a(gpio_common.o)
                0x0000000010004bf8                MXC_GPIO_Common_Handler
 .text.MXC_TMR_Common_TO_Stop
                0x0000000010004c80       0x14 /home/victor/MaximSDK/Libraries/PeriphDrivers/bin/MAX78000/softfp/libPeriphDriver_softfp.a(tmr_common.o)
                0x0000000010004c80                MXC_TMR_Common_TO_Stop
 .text.MXC_TMR_Common_SW_Start
                0x0000000010004c94        0x8 /home/victor/MaximSDK/Libraries/PeriphDrivers/bin/MAX78000/softfp/libPeriphDriver_softfp.a(tmr_common.o)
                0x0000000010004c94                MXC_TMR_Common_SW_Start
 .text.MXC_TMR_Common_SW_Stop
                0x0000000010004c9c       0x14 /home/victor/MaximSDK/Libraries/PeriphDrivers/bin/MAX78000/softfp/libPeriphDriver_softfp.a(tmr_common.o)
                0x0000000010004c9c                MXC_TMR_Common_SW_Stop
 .text.MXC_TMR_Common_TO_Elapsed
                0x0000000010004cb0       0x54 /home/victor/MaximSDK/Libraries/PeriphDrivers/bin/MAX78000/softfp/libPeriphDriver_softfp.a(tmr_common.o)
                0x0000000010004cb0                MXC_TMR_Common_TO_Elapsed
 .text.__errno  0x0000000010004d04        0xc /home/victor/MaximSDK/Tools/GNUTools/10.3/bin/../lib/gcc/arm-none-eabi/10.3.1/../../../../arm-none-eabi/lib/thumb/v7e-m+fp/softfp/libc.a(lib_a-errno.o)
                0x0000000010004d04                __errno
 .text.__libc_init_array
                0x0000000010004d10       0x48 /home/victor/MaximSDK/Tools/GNUTools/10.3/bin/../lib/gcc/arm-none-eabi/10.3.1/../../../../arm-none-eabi/lib/thumb/v7e-m+fp/softfp/libc.a(lib_a-init.o)
                0x0000000010004d10                __libc_init_array
 .text.malloc   0x0000000010004d58       0x10 /home/victor/MaximSDK/Tools/GNUTools/10.3/bin/../lib/gcc/arm-none-eabi/10.3.1/../../../../arm-none-eabi/lib/thumb/v7e-m+fp/softfp/libc.a(lib_a-malloc.o)
                0x0000000010004d58                malloc
 .text.free     0x0000000010004d68       0x10 /home/victor/MaximSDK/Tools/GNUTools/10.3/bin/../lib/gcc/arm-none-eabi/10.3.1/../../../../arm-none-eabi/lib/thumb/v7e-m+fp/softfp/libc.a(lib_a-malloc.o)
                0x0000000010004d68                free
 .text._malloc_r
                0x0000000010004d78      0x560 /home/victor/MaximSDK/Tools/GNUTools/10.3/bin/../lib/gcc/arm-none-eabi/10.3.1/../../../../arm-none-eabi/lib/thumb/v7e-m+fp/softfp/libc.a(lib_a-mallocr.o)
                0x0000000010004d78                _malloc_r
 .text          0x00000000100052d8      0x134 /home/victor/MaximSDK/Tools/GNUTools/10.3/bin/../lib/gcc/arm-none-eabi/10.3.1/../../../../arm-none-eabi/lib/thumb/v7e-m+fp/softfp/libc.a(lib_a-memcpy.o)
                0x00000000100052d8                memcpy
 .text.memset   0x000000001000540c       0xa4 /home/victor/MaximSDK/Tools/GNUTools/10.3/bin/../lib/gcc/arm-none-eabi/10.3.1/../../../../arm-none-eabi/lib/thumb/v7e-m+fp/softfp/libc.a(lib_a-memset.o)
                0x000000001000540c                memset
 .text.__malloc_lock
                0x00000000100054b0        0xc /home/victor/MaximSDK/Tools/GNUTools/10.3/bin/../lib/gcc/arm-none-eabi/10.3.1/../../../../arm-none-eabi/lib/thumb/v7e-m+fp/softfp/libc.a(lib_a-mlock.o)
                0x00000000100054b0                __malloc_lock
 .text.__malloc_unlock
                0x00000000100054bc        0xc /home/victor/MaximSDK/Tools/GNUTools/10.3/bin/../lib/gcc/arm-none-eabi/10.3.1/../../../../arm-none-eabi/lib/thumb/v7e-m+fp/softfp/libc.a(lib_a-mlock.o)
                0x00000000100054bc                __malloc_unlock
 .text.printf   0x00000000100054c8       0x28 /home/victor/MaximSDK/Tools/GNUTools/10.3/bin/../lib/gcc/arm-none-eabi/10.3.1/../../../../arm-none-eabi/lib/thumb/v7e-m+fp/softfp/libc.a(lib_a-printf.o)
                0x00000000100054c8                printf
 .text._puts_r  0x00000000100054f0       0x9c /home/victor/MaximSDK/Tools/GNUTools/10.3/bin/../lib/gcc/arm-none-eabi/10.3.1/../../../../arm-none-eabi/lib/thumb/v7e-m+fp/softfp/libc.a(lib_a-puts.o)
                0x00000000100054f0                _puts_r
 .text.puts     0x000000001000558c       0x10 /home/victor/MaximSDK/Tools/GNUTools/10.3/bin/../lib/gcc/arm-none-eabi/10.3.1/../../../../arm-none-eabi/lib/thumb/v7e-m+fp/softfp/libc.a(lib_a-puts.o)
                0x000000001000558c                puts
 .text._sbrk_r  0x000000001000559c       0x24 /home/victor/MaximSDK/Tools/GNUTools/10.3/bin/../lib/gcc/arm-none-eabi/10.3.1/../../../../arm-none-eabi/lib/thumb/v7e-m+fp/softfp/libc.a(lib_a-sbrkr.o)
                0x000000001000559c                _sbrk_r
 .text.sprintf  0x00000000100055c0       0x40 /home/victor/MaximSDK/Tools/GNUTools/10.3/bin/../lib/gcc/arm-none-eabi/10.3.1/../../../../arm-none-eabi/lib/thumb/v7e-m+fp/softfp/libc.a(lib_a-sprintf.o)
                0x00000000100055c0                sprintf
 .text          0x0000000010005600       0xdc /home/victor/MaximSDK/Tools/GNUTools/10.3/bin/../lib/gcc/arm-none-eabi/10.3.1/../../../../arm-none-eabi/lib/thumb/v7e-m+fp/softfp/libc.a(lib_a-strlen.o)
                0x0000000010005600                strlen
 *fill*         0x00000000100056dc        0x4 
 .text._svfprintf_r
                0x00000000100056e0     0x1ac8 /home/victor/MaximSDK/Tools/GNUTools/10.3/bin/../lib/gcc/arm-none-eabi/10.3.1/../../../../arm-none-eabi/lib/thumb/v7e-m+fp/softfp/libc.a(lib_a-svfprintf.o)
                0x00000000100056e0                _svfprintf_r
 .text._vfprintf_r
                0x00000000100071a8     0x1b8c /home/victor/MaximSDK/Tools/GNUTools/10.3/bin/../lib/gcc/arm-none-eabi/10.3.1/../../../../arm-none-eabi/lib/thumb/v7e-m+fp/softfp/libc.a(lib_a-vfprintf.o)
                0x00000000100071a8                _vfprintf_r
 .text.__sbprintf
                0x0000000010008d34       0x80 /home/victor/MaximSDK/Tools/GNUTools/10.3/bin/../lib/gcc/arm-none-eabi/10.3.1/../../../../arm-none-eabi/lib/thumb/v7e-m+fp/softfp/libc.a(lib_a-vfprintf.o)
 .text.__swsetup_r
                0x0000000010008db4       0xd4 /home/victor/MaximSDK/Tools/GNUTools/10.3/bin/../lib/gcc/arm-none-eabi/10.3.1/../../../../arm-none-eabi/lib/thumb/v7e-m+fp/softfp/libc.a(lib_a-wsetup.o)
                0x0000000010008db4                __swsetup_r
 .text.startup.register_fini
                0x0000000010008e88       0x14 /home/victor/MaximSDK/Tools/GNUTools/10.3/bin/../lib/gcc/arm-none-eabi/10.3.1/../../../../arm-none-eabi/lib/thumb/v7e-m+fp/softfp/libc.a(lib_a-__call_atexit.o)
 .text.atexit   0x0000000010008e9c        0xc /home/victor/MaximSDK/Tools/GNUTools/10.3/bin/../lib/gcc/arm-none-eabi/10.3.1/../../../../arm-none-eabi/lib/thumb/v7e-m+fp/softfp/libc.a(lib_a-atexit.o)
                0x0000000010008e9c                atexit
 .text.quorem   0x0000000010008ea8      0x128 /home/victor/MaximSDK/Tools/GNUTools/10.3/bin/../lib/gcc/arm-none-eabi/10.3.1/../../../../arm-none-eabi/lib/thumb/v7e-m+fp/softfp/libc.a(lib_a-dtoa.o)
 .text._dtoa_r  0x0000000010008fd0      0xf34 /home/victor/MaximSDK/Tools/GNUTools/10.3/bin/../lib/gcc/arm-none-eabi/10.3.1/../../../../arm-none-eabi/lib/thumb/v7e-m+fp/softfp/libc.a(lib_a-dtoa.o)
                0x0000000010008fd0                _dtoa_r
 .text.__sflush_r
                0x0000000010009f04      0x130 /home/victor/MaximSDK/Tools/GNUTools/10.3/bin/../lib/gcc/arm-none-eabi/10.3.1/../../../../arm-none-eabi/lib/thumb/v7e-m+fp/softfp/libc.a(lib_a-fflush.o)
                0x0000000010009f04                __sflush_r
 .text._fflush_r
                0x000000001000a034       0x5c /home/victor/MaximSDK/Tools/GNUTools/10.3/bin/../lib/gcc/arm-none-eabi/10.3.1/../../../../arm-none-eabi/lib/thumb/v7e-m+fp/softfp/libc.a(lib_a-fflush.o)
                0x000000001000a034                _fflush_r
 .text._cleanup_r
                0x000000001000a090        0xc /home/victor/MaximSDK/Tools/GNUTools/10.3/bin/../lib/gcc/arm-none-eabi/10.3.1/../../../../arm-none-eabi/lib/thumb/v7e-m+fp/softfp/libc.a(lib_a-findfp.o)
                0x000000001000a090                _cleanup_r
 .text.__sinit  0x000000001000a09c      0x10c /home/victor/MaximSDK/Tools/GNUTools/10.3/bin/../lib/gcc/arm-none-eabi/10.3.1/../../../../arm-none-eabi/lib/thumb/v7e-m+fp/softfp/libc.a(lib_a-findfp.o)
                0x000000001000a09c                __sinit
 .text.__sfp_lock_acquire
                0x000000001000a1a8        0xc /home/victor/MaximSDK/Tools/GNUTools/10.3/bin/../lib/gcc/arm-none-eabi/10.3.1/../../../../arm-none-eabi/lib/thumb/v7e-m+fp/softfp/libc.a(lib_a-findfp.o)
                0x000000001000a1a8                __sfp_lock_acquire
 .text.__sfp_lock_release
                0x000000001000a1b4        0xc /home/victor/MaximSDK/Tools/GNUTools/10.3/bin/../lib/gcc/arm-none-eabi/10.3.1/../../../../arm-none-eabi/lib/thumb/v7e-m+fp/softfp/libc.a(lib_a-findfp.o)
                0x000000001000a1b4                __sfp_lock_release
 .text.__libc_fini_array
                0x000000001000a1c0       0x2c /home/victor/MaximSDK/Tools/GNUTools/10.3/bin/../lib/gcc/arm-none-eabi/10.3.1/../../../../arm-none-eabi/lib/thumb/v7e-m+fp/softfp/libc.a(lib_a-fini.o)
                0x000000001000a1c0                __libc_fini_array
 .text._malloc_trim_r
                0x000000001000a1ec       0xa0 /home/victor/MaximSDK/Tools/GNUTools/10.3/bin/../lib/gcc/arm-none-eabi/10.3.1/../../../../arm-none-eabi/lib/thumb/v7e-m+fp/softfp/libc.a(lib_a-freer.o)
                0x000000001000a1ec                _malloc_trim_r
 .text._free_r  0x000000001000a28c      0x20c /home/victor/MaximSDK/Tools/GNUTools/10.3/bin/../lib/gcc/arm-none-eabi/10.3.1/../../../../arm-none-eabi/lib/thumb/v7e-m+fp/softfp/libc.a(lib_a-freer.o)
                0x000000001000a28c                _free_r
 .text.__sfvwrite_r
                0x000000001000a498      0x2f0 /home/victor/MaximSDK/Tools/GNUTools/10.3/bin/../lib/gcc/arm-none-eabi/10.3.1/../../../../arm-none-eabi/lib/thumb/v7e-m+fp/softfp/libc.a(lib_a-fvwrite.o)
                0x000000001000a498                __sfvwrite_r
 .text._fwalk_reent
                0x000000001000a788       0x48 /home/victor/MaximSDK/Tools/GNUTools/10.3/bin/../lib/gcc/arm-none-eabi/10.3.1/../../../../arm-none-eabi/lib/thumb/v7e-m+fp/softfp/libc.a(lib_a-fwalk.o)
                0x000000001000a788                _fwalk_reent
 .text._localeconv_r
                0x000000001000a7d0        0x8 /home/victor/MaximSDK/Tools/GNUTools/10.3/bin/../lib/gcc/arm-none-eabi/10.3.1/../../../../arm-none-eabi/lib/thumb/v7e-m+fp/softfp/libc.a(lib_a-localeconv.o)
                0x000000001000a7d0                _localeconv_r
 .text.__retarget_lock_init_recursive
                0x000000001000a7d8        0x4 /home/victor/MaximSDK/Tools/GNUTools/10.3/bin/../lib/gcc/arm-none-eabi/10.3.1/../../../../arm-none-eabi/lib/thumb/v7e-m+fp/softfp/libc.a(lib_a-lock.o)
                0x000000001000a7d8                __retarget_lock_init_recursive
 .text.__retarget_lock_close_recursive
                0x000000001000a7dc        0x4 /home/victor/MaximSDK/Tools/GNUTools/10.3/bin/../lib/gcc/arm-none-eabi/10.3.1/../../../../arm-none-eabi/lib/thumb/v7e-m+fp/softfp/libc.a(lib_a-lock.o)
                0x000000001000a7dc                __retarget_lock_close_recursive
 .text.__retarget_lock_acquire_recursive
                0x000000001000a7e0        0x4 /home/victor/MaximSDK/Tools/GNUTools/10.3/bin/../lib/gcc/arm-none-eabi/10.3.1/../../../../arm-none-eabi/lib/thumb/v7e-m+fp/softfp/libc.a(lib_a-lock.o)
                0x000000001000a7e0                __retarget_lock_acquire_recursive
 .text.__retarget_lock_release_recursive
                0x000000001000a7e4        0x4 /home/victor/MaximSDK/Tools/GNUTools/10.3/bin/../lib/gcc/arm-none-eabi/10.3.1/../../../../arm-none-eabi/lib/thumb/v7e-m+fp/softfp/libc.a(lib_a-lock.o)
                0x000000001000a7e4                __retarget_lock_release_recursive
 .text.__smakebuf_r
                0x000000001000a7e8       0xe0 /home/victor/MaximSDK/Tools/GNUTools/10.3/bin/../lib/gcc/arm-none-eabi/10.3.1/../../../../arm-none-eabi/lib/thumb/v7e-m+fp/softfp/libc.a(lib_a-makebuf.o)
                0x000000001000a7e8                __smakebuf_r
 *fill*         0x000000001000a8c8        0x8 
 .text          0x000000001000a8d0       0xa0 /home/victor/MaximSDK/Tools/GNUTools/10.3/bin/../lib/gcc/arm-none-eabi/10.3.1/../../../../arm-none-eabi/lib/thumb/v7e-m+fp/softfp/libc.a(lib_a-memchr.o)
                0x000000001000a8d0                memchr
 .text.memmove  0x000000001000a970       0xf8 /home/victor/MaximSDK/Tools/GNUTools/10.3/bin/../lib/gcc/arm-none-eabi/10.3.1/../../../../arm-none-eabi/lib/thumb/v7e-m+fp/softfp/libc.a(lib_a-memmove.o)
                0x000000001000a970                memmove
 .text._Balloc  0x000000001000aa68       0x4c /home/victor/MaximSDK/Tools/GNUTools/10.3/bin/../lib/gcc/arm-none-eabi/10.3.1/../../../../arm-none-eabi/lib/thumb/v7e-m+fp/softfp/libc.a(lib_a-mprec.o)
                0x000000001000aa68                _Balloc
 .text._Bfree   0x000000001000aab4       0x14 /home/victor/MaximSDK/Tools/GNUTools/10.3/bin/../lib/gcc/arm-none-eabi/10.3.1/../../../../arm-none-eabi/lib/thumb/v7e-m+fp/softfp/libc.a(lib_a-mprec.o)
                0x000000001000aab4                _Bfree
 .text.__multadd
                0x000000001000aac8       0xa8 /home/victor/MaximSDK/Tools/GNUTools/10.3/bin/../lib/gcc/arm-none-eabi/10.3.1/../../../../arm-none-eabi/lib/thumb/v7e-m+fp/softfp/libc.a(lib_a-mprec.o)
                0x000000001000aac8                __multadd
 .text.__hi0bits
                0x000000001000ab70       0x40 /home/victor/MaximSDK/Tools/GNUTools/10.3/bin/../lib/gcc/arm-none-eabi/10.3.1/../../../../arm-none-eabi/lib/thumb/v7e-m+fp/softfp/libc.a(lib_a-mprec.o)
                0x000000001000ab70                __hi0bits
 .text.__lo0bits
                0x000000001000abb0       0x60 /home/victor/MaximSDK/Tools/GNUTools/10.3/bin/../lib/gcc/arm-none-eabi/10.3.1/../../../../arm-none-eabi/lib/thumb/v7e-m+fp/softfp/libc.a(lib_a-mprec.o)
                0x000000001000abb0                __lo0bits
 .text.__i2b    0x000000001000ac10       0x5c /home/victor/MaximSDK/Tools/GNUTools/10.3/bin/../lib/gcc/arm-none-eabi/10.3.1/../../../../arm-none-eabi/lib/thumb/v7e-m+fp/softfp/libc.a(lib_a-mprec.o)
                0x000000001000ac10                __i2b
 .text.__multiply
                0x000000001000ac6c      0x15c /home/victor/MaximSDK/Tools/GNUTools/10.3/bin/../lib/gcc/arm-none-eabi/10.3.1/../../../../arm-none-eabi/lib/thumb/v7e-m+fp/softfp/libc.a(lib_a-mprec.o)
                0x000000001000ac6c                __multiply
 .text.__pow5mult
                0x000000001000adc8       0xc0 /home/victor/MaximSDK/Tools/GNUTools/10.3/bin/../lib/gcc/arm-none-eabi/10.3.1/../../../../arm-none-eabi/lib/thumb/v7e-m+fp/softfp/libc.a(lib_a-mprec.o)
                0x000000001000adc8                __pow5mult
 .text.__lshift
                0x000000001000ae88       0xf0 /home/victor/MaximSDK/Tools/GNUTools/10.3/bin/../lib/gcc/arm-none-eabi/10.3.1/../../../../arm-none-eabi/lib/thumb/v7e-m+fp/softfp/libc.a(lib_a-mprec.o)
                0x000000001000ae88                __lshift
 .text.__mcmp   0x000000001000af78       0x44 /home/victor/MaximSDK/Tools/GNUTools/10.3/bin/../lib/gcc/arm-none-eabi/10.3.1/../../../../arm-none-eabi/lib/thumb/v7e-m+fp/softfp/libc.a(lib_a-mprec.o)
                0x000000001000af78                __mcmp
 .text.__mdiff  0x000000001000afbc      0x14c /home/victor/MaximSDK/Tools/GNUTools/10.3/bin/../lib/gcc/arm-none-eabi/10.3.1/../../../../arm-none-eabi/lib/thumb/v7e-m+fp/softfp/libc.a(lib_a-mprec.o)
                0x000000001000afbc                __mdiff
 .text.__d2b    0x000000001000b108       0xc4 /home/victor/MaximSDK/Tools/GNUTools/10.3/bin/../lib/gcc/arm-none-eabi/10.3.1/../../../../arm-none-eabi/lib/thumb/v7e-m+fp/softfp/libc.a(lib_a-mprec.o)
                0x000000001000b108                __d2b
 .text._realloc_r
                0x000000001000b1cc      0x3d8 /home/victor/MaximSDK/Tools/GNUTools/10.3/bin/../lib/gcc/arm-none-eabi/10.3.1/../../../../arm-none-eabi/lib/thumb/v7e-m+fp/softfp/libc.a(lib_a-reallocr.o)
                0x000000001000b1cc                _realloc_r
 .text.frexp    0x000000001000b5a4       0x70 /home/victor/MaximSDK/Tools/GNUTools/10.3/bin/../lib/gcc/arm-none-eabi/10.3.1/../../../../arm-none-eabi/lib/thumb/v7e-m+fp/softfp/libc.a(lib_a-s_frexp.o)
                0x000000001000b5a4                frexp
 .text.__sread  0x000000001000b614       0x24 /home/victor/MaximSDK/Tools/GNUTools/10.3/bin/../lib/gcc/arm-none-eabi/10.3.1/../../../../arm-none-eabi/lib/thumb/v7e-m+fp/softfp/libc.a(lib_a-stdio.o)
                0x000000001000b614                __sread
 .text.__swrite
                0x000000001000b638       0x40 /home/victor/MaximSDK/Tools/GNUTools/10.3/bin/../lib/gcc/arm-none-eabi/10.3.1/../../../../arm-none-eabi/lib/thumb/v7e-m+fp/softfp/libc.a(lib_a-stdio.o)
                0x000000001000b638                __swrite
 .text.__sseek  0x000000001000b678       0x20 /home/victor/MaximSDK/Tools/GNUTools/10.3/bin/../lib/gcc/arm-none-eabi/10.3.1/../../../../arm-none-eabi/lib/thumb/v7e-m+fp/softfp/libc.a(lib_a-stdio.o)
                0x000000001000b678                __sseek
 .text.__sclose
                0x000000001000b698        0x8 /home/victor/MaximSDK/Tools/GNUTools/10.3/bin/../lib/gcc/arm-none-eabi/10.3.1/../../../../arm-none-eabi/lib/thumb/v7e-m+fp/softfp/libc.a(lib_a-stdio.o)
                0x000000001000b698                __sclose
 .text.strncpy  0x000000001000b6a0       0x64 /home/victor/MaximSDK/Tools/GNUTools/10.3/bin/../lib/gcc/arm-none-eabi/10.3.1/../../../../arm-none-eabi/lib/thumb/v7e-m+fp/softfp/libc.a(lib_a-strncpy.o)
                0x000000001000b6a0                strncpy
 .text.__ssprint_r
                0x000000001000b704       0xf8 /home/victor/MaximSDK/Tools/GNUTools/10.3/bin/../lib/gcc/arm-none-eabi/10.3.1/../../../../arm-none-eabi/lib/thumb/v7e-m+fp/softfp/libc.a(lib_a-svfiprintf.o)
                0x000000001000b704                __ssprint_r
 .text.__sprint_r.part.0
                0x000000001000b7fc       0x78 /home/victor/MaximSDK/Tools/GNUTools/10.3/bin/../lib/gcc/arm-none-eabi/10.3.1/../../../../arm-none-eabi/lib/thumb/v7e-m+fp/softfp/libc.a(lib_a-vfiprintf.o)
 .text.__sprint_r
                0x000000001000b874       0x18 /home/victor/MaximSDK/Tools/GNUTools/10.3/bin/../lib/gcc/arm-none-eabi/10.3.1/../../../../arm-none-eabi/lib/thumb/v7e-m+fp/softfp/libc.a(lib_a-vfiprintf.o)
                0x000000001000b874                __sprint_r
 .text._vfiprintf_r
                0x000000001000b88c      0xdfc /home/victor/MaximSDK/Tools/GNUTools/10.3/bin/../lib/gcc/arm-none-eabi/10.3.1/../../../../arm-none-eabi/lib/thumb/v7e-m+fp/softfp/libc.a(lib_a-vfiprintf.o)
                0x000000001000b88c                _vfiprintf_r
 .text.__sbprintf
                0x000000001000c688       0x80 /home/victor/MaximSDK/Tools/GNUTools/10.3/bin/../lib/gcc/arm-none-eabi/10.3.1/../../../../arm-none-eabi/lib/thumb/v7e-m+fp/softfp/libc.a(lib_a-vfiprintf.o)
 .text._write_r
                0x000000001000c708       0x2c /home/victor/MaximSDK/Tools/GNUTools/10.3/bin/../lib/gcc/arm-none-eabi/10.3.1/../../../../arm-none-eabi/lib/thumb/v7e-m+fp/softfp/libc.a(lib_a-writer.o)
                0x000000001000c708                _write_r
 .text.__register_exitproc
                0x000000001000c734       0x8c /home/victor/MaximSDK/Tools/GNUTools/10.3/bin/../lib/gcc/arm-none-eabi/10.3.1/../../../../arm-none-eabi/lib/thumb/v7e-m+fp/softfp/libc.a(lib_a-__atexit.o)
                0x000000001000c734                __register_exitproc
 .text.__assert_func
                0x000000001000c7c0       0x40 /home/victor/MaximSDK/Tools/GNUTools/10.3/bin/../lib/gcc/arm-none-eabi/10.3.1/../../../../arm-none-eabi/lib/thumb/v7e-m+fp/softfp/libc.a(lib_a-assert.o)
                0x000000001000c7c0                __assert_func
 .text._calloc_r
                0x000000001000c800       0x78 /home/victor/MaximSDK/Tools/GNUTools/10.3/bin/../lib/gcc/arm-none-eabi/10.3.1/../../../../arm-none-eabi/lib/thumb/v7e-m+fp/softfp/libc.a(lib_a-callocr.o)
                0x000000001000c800                _calloc_r
 .text._close_r
                0x000000001000c878       0x24 /home/victor/MaximSDK/Tools/GNUTools/10.3/bin/../lib/gcc/arm-none-eabi/10.3.1/../../../../arm-none-eabi/lib/thumb/v7e-m+fp/softfp/libc.a(lib_a-closer.o)
                0x000000001000c878                _close_r
 .text._fclose_r
                0x000000001000c89c       0xcc /home/victor/MaximSDK/Tools/GNUTools/10.3/bin/../lib/gcc/arm-none-eabi/10.3.1/../../../../arm-none-eabi/lib/thumb/v7e-m+fp/softfp/libc.a(lib_a-fclose.o)
                0x000000001000c89c                _fclose_r
 .text.fiprintf
                0x000000001000c968       0x28 /home/victor/MaximSDK/Tools/GNUTools/10.3/bin/../lib/gcc/arm-none-eabi/10.3.1/../../../../arm-none-eabi/lib/thumb/v7e-m+fp/softfp/libc.a(lib_a-fiprintf.o)
                0x000000001000c968                fiprintf
 .text.__fputwc
                0x000000001000c990       0xa8 /home/victor/MaximSDK/Tools/GNUTools/10.3/bin/../lib/gcc/arm-none-eabi/10.3.1/../../../../arm-none-eabi/lib/thumb/v7e-m+fp/softfp/libc.a(lib_a-fputwc.o)
                0x000000001000c990                __fputwc
 .text._fputwc_r
                0x000000001000ca38       0x68 /home/victor/MaximSDK/Tools/GNUTools/10.3/bin/../lib/gcc/arm-none-eabi/10.3.1/../../../../arm-none-eabi/lib/thumb/v7e-m+fp/softfp/libc.a(lib_a-fputwc.o)
                0x000000001000ca38                _fputwc_r
 .text._fstat_r
                0x000000001000caa0       0x2c /home/victor/MaximSDK/Tools/GNUTools/10.3/bin/../lib/gcc/arm-none-eabi/10.3.1/../../../../arm-none-eabi/lib/thumb/v7e-m+fp/softfp/libc.a(lib_a-fstatr.o)
                0x000000001000caa0                _fstat_r
 .text._isatty_r
                0x000000001000cacc       0x24 /home/victor/MaximSDK/Tools/GNUTools/10.3/bin/../lib/gcc/arm-none-eabi/10.3.1/../../../../arm-none-eabi/lib/thumb/v7e-m+fp/softfp/libc.a(lib_a-isattyr.o)
                0x000000001000cacc                _isatty_r
 .text.__locale_mb_cur_max
                0x000000001000caf0        0xc /home/victor/MaximSDK/Tools/GNUTools/10.3/bin/../lib/gcc/arm-none-eabi/10.3.1/../../../../arm-none-eabi/lib/thumb/v7e-m+fp/softfp/libc.a(lib_a-locale.o)
                0x000000001000caf0                __locale_mb_cur_max
 .text._lseek_r
                0x000000001000cafc       0x2c /home/victor/MaximSDK/Tools/GNUTools/10.3/bin/../lib/gcc/arm-none-eabi/10.3.1/../../../../arm-none-eabi/lib/thumb/v7e-m+fp/softfp/libc.a(lib_a-lseekr.o)
                0x000000001000cafc                _lseek_r
 .text.__ascii_mbtowc
                0x000000001000cb28       0x2c /home/victor/MaximSDK/Tools/GNUTools/10.3/bin/../lib/gcc/arm-none-eabi/10.3.1/../../../../arm-none-eabi/lib/thumb/v7e-m+fp/softfp/libc.a(lib_a-mbtowc_r.o)
                0x000000001000cb28                __ascii_mbtowc
 .text._read_r  0x000000001000cb54       0x2c /home/victor/MaximSDK/Tools/GNUTools/10.3/bin/../lib/gcc/arm-none-eabi/10.3.1/../../../../arm-none-eabi/lib/thumb/v7e-m+fp/softfp/libc.a(lib_a-readr.o)
                0x000000001000cb54                _read_r
 .text.__swbuf_r
                0x000000001000cb80       0xb0 /home/victor/MaximSDK/Tools/GNUTools/10.3/bin/../lib/gcc/arm-none-eabi/10.3.1/../../../../arm-none-eabi/lib/thumb/v7e-m+fp/softfp/libc.a(lib_a-wbuf.o)
                0x000000001000cb80                __swbuf_r
 .text._wcrtomb_r
                0x000000001000cc30       0x3c /home/victor/MaximSDK/Tools/GNUTools/10.3/bin/../lib/gcc/arm-none-eabi/10.3.1/../../../../arm-none-eabi/lib/thumb/v7e-m+fp/softfp/libc.a(lib_a-wcrtomb.o)
                0x000000001000cc30                _wcrtomb_r
 .text.__ascii_wctomb
                0x000000001000cc6c       0x1c /home/victor/MaximSDK/Tools/GNUTools/10.3/bin/../lib/gcc/arm-none-eabi/10.3.1/../../../../arm-none-eabi/lib/thumb/v7e-m+fp/softfp/libc.a(lib_a-wctomb_r.o)
                0x000000001000cc6c                __ascii_wctomb
 .text.abort    0x000000001000cc88       0x10 /home/victor/MaximSDK/Tools/GNUTools/10.3/bin/../lib/gcc/arm-none-eabi/10.3.1/../../../../arm-none-eabi/lib/thumb/v7e-m+fp/softfp/libc.a(lib_a-abort.o)
                0x000000001000cc88                abort
 .text.raise    0x000000001000cc98       0x5c /home/victor/MaximSDK/Tools/GNUTools/10.3/bin/../lib/gcc/arm-none-eabi/10.3.1/../../../../arm-none-eabi/lib/thumb/v7e-m+fp/softfp/libc.a(lib_a-signal.o)
                0x000000001000cc98                raise
 .text._kill_r  0x000000001000ccf4       0x2c /home/victor/MaximSDK/Tools/GNUTools/10.3/bin/../lib/gcc/arm-none-eabi/10.3.1/../../../../arm-none-eabi/lib/thumb/v7e-m+fp/softfp/libc.a(lib_a-signalr.o)
                0x000000001000ccf4                _kill_r
 .text._getpid_r
                0x000000001000cd20        0x4 /home/victor/MaximSDK/Tools/GNUTools/10.3/bin/../lib/gcc/arm-none-eabi/10.3.1/../../../../arm-none-eabi/lib/thumb/v7e-m+fp/softfp/libc.a(lib_a-signalr.o)
                0x000000001000cd20                _getpid_r
 .text._getpid  0x000000001000cd24       0x10 /home/victor/MaximSDK/Tools/GNUTools/10.3/bin/../lib/gcc/arm-none-eabi/10.3.1/../../../../arm-none-eabi/lib/thumb/v7e-m+fp/softfp/libnosys.a(getpid.o)
                0x000000001000cd24                _getpid
 .text._kill    0x000000001000cd34       0x10 /home/victor/MaximSDK/Tools/GNUTools/10.3/bin/../lib/gcc/arm-none-eabi/10.3.1/../../../../arm-none-eabi/lib/thumb/v7e-m+fp/softfp/libnosys.a(kill.o)
                0x000000001000cd34                _kill
 .text._exit    0x000000001000cd44        0x4 /home/victor/MaximSDK/Tools/GNUTools/10.3/bin/../lib/gcc/arm-none-eabi/10.3.1/../../../../arm-none-eabi/lib/thumb/v7e-m+fp/softfp/libnosys.a(_exit.o)
                0x000000001000cd44                _exit
 .text          0x000000001000cd48      0x378 /home/victor/MaximSDK/Tools/GNUTools/10.3/bin/../lib/gcc/arm-none-eabi/10.3.1/thumb/v7e-m+fp/softfp/libgcc.a(_arm_addsubdf3.o)
                0x000000001000cd48                __aeabi_drsub
                0x000000001000cd50                __aeabi_dsub
                0x000000001000cd50                __subdf3
                0x000000001000cd54                __adddf3
                0x000000001000cd54                __aeabi_dadd
                0x000000001000cfcc                __aeabi_ui2d
                0x000000001000cfcc                __floatunsidf
                0x000000001000cfec                __floatsidf
                0x000000001000cfec                __aeabi_i2d
                0x000000001000d010                __extendsfdf2
                0x000000001000d010                __aeabi_f2d
                0x000000001000d054                __aeabi_ul2d
                0x000000001000d054                __floatundidf
                0x000000001000d064                __floatdidf
                0x000000001000d064                __aeabi_l2d
 .text          0x000000001000d0c0      0x424 /home/victor/MaximSDK/Tools/GNUTools/10.3/bin/../lib/gcc/arm-none-eabi/10.3.1/thumb/v7e-m+fp/softfp/libgcc.a(_arm_muldivdf3.o)
                0x000000001000d0c0                __aeabi_dmul
                0x000000001000d0c0                __muldf3
                0x000000001000d314                __aeabi_ddiv
                0x000000001000d314                __divdf3
 .text          0x000000001000d4e4      0x110 /home/victor/MaximSDK/Tools/GNUTools/10.3/bin/../lib/gcc/arm-none-eabi/10.3.1/thumb/v7e-m+fp/softfp/libgcc.a(_arm_cmpdf2.o)
                0x000000001000d4e4                __gtdf2
                0x000000001000d4e4                __gedf2
                0x000000001000d4ec                __ltdf2
                0x000000001000d4ec                __ledf2
                0x000000001000d4f4                __cmpdf2
                0x000000001000d4f4                __eqdf2
                0x000000001000d4f4                __nedf2
                0x000000001000d570                __aeabi_cdrcmple
                0x000000001000d580                __aeabi_cdcmple
                0x000000001000d580                __aeabi_cdcmpeq
                0x000000001000d590                __aeabi_dcmpeq
                0x000000001000d5a4                __aeabi_dcmplt
                0x000000001000d5b8                __aeabi_dcmple
                0x000000001000d5cc                __aeabi_dcmpge
                0x000000001000d5e0                __aeabi_dcmpgt
 .text          0x000000001000d5f4       0x2c /home/victor/MaximSDK/Tools/GNUTools/10.3/bin/../lib/gcc/arm-none-eabi/10.3.1/thumb/v7e-m+fp/softfp/libgcc.a(_arm_unorddf2.o)
                0x000000001000d5f4                __aeabi_dcmpun
                0x000000001000d5f4                __unorddf2
 .text          0x000000001000d620       0x50 /home/victor/MaximSDK/Tools/GNUTools/10.3/bin/../lib/gcc/arm-none-eabi/10.3.1/thumb/v7e-m+fp/softfp/libgcc.a(_arm_fixdfsi.o)
                0x000000001000d620                __fixdfsi
                0x000000001000d620                __aeabi_d2iz
 .text          0x000000001000d670       0xa0 /home/victor/MaximSDK/Tools/GNUTools/10.3/bin/../lib/gcc/arm-none-eabi/10.3.1/thumb/v7e-m+fp/softfp/libgcc.a(_aeabi_ldivmod.o)
                0x000000001000d670                __aeabi_ldivmod
 .text          0x000000001000d710       0x30 /home/victor/MaximSDK/Tools/GNUTools/10.3/bin/../lib/gcc/arm-none-eabi/10.3.1/thumb/v7e-m+fp/softfp/libgcc.a(_aeabi_uldivmod.o)
                0x000000001000d710                __aeabi_uldivmod
 .text          0x000000001000d740      0x2d0 /home/victor/MaximSDK/Tools/GNUTools/10.3/bin/../lib/gcc/arm-none-eabi/10.3.1/thumb/v7e-m+fp/softfp/libgcc.a(_udivmoddi4.o)
                0x000000001000d740                __udivmoddi4
 .text          0x000000001000da10        0x4 /home/victor/MaximSDK/Tools/GNUTools/10.3/bin/../lib/gcc/arm-none-eabi/10.3.1/thumb/v7e-m+fp/softfp/libgcc.a(_dvmd_tls.o)
                0x000000001000da10                __aeabi_ldiv0
                0x000000001000da10                __aeabi_idiv0
 *(.rodata*)
 .rodata.bias_0
                0x000000001000da14       0x4a /home/victor/Documents/ai_test/ai8x-synthesis/synthed_net/cifar10_cmsisnnet/build/cnn.o
 *fill*         0x000000001000da5e        0x2 
 .rodata.bias_1
                0x000000001000da60       0x40 /home/victor/Documents/ai_test/ai8x-synthesis/synthed_net/cifar10_cmsisnnet/build/cnn.o
 .rodata.bias_2
                0x000000001000daa0       0x40 /home/victor/Documents/ai_test/ai8x-synthesis/synthed_net/cifar10_cmsisnnet/build/cnn.o
 .rodata.bias_3
                0x000000001000dae0       0x40 /home/victor/Documents/ai_test/ai8x-synthesis/synthed_net/cifar10_cmsisnnet/build/cnn.o
 .rodata.kernels
                0x000000001000db20    0x17264 /home/victor/Documents/ai_test/ai8x-synthesis/synthed_net/cifar10_cmsisnnet/build/cnn.o
 .rodata.load_input.str1.4
                0x0000000010024d84       0x17 /home/victor/Documents/ai_test/ai8x-synthesis/synthed_net/cifar10_cmsisnnet/build/main.o
 *fill*         0x0000000010024d9b        0x1 
 .rodata.main.str1.4
                0x0000000010024d9c      0x291 /home/victor/Documents/ai_test/ai8x-synthesis/synthed_net/cifar10_cmsisnnet/build/main.o
 *fill*         0x000000001002502d        0x3 
 .rodata.str1.4
                0x0000000010025030       0x61 /home/victor/Documents/ai_test/ai8x-synthesis/synthed_net/cifar10_cmsisnnet/build/main.o
 *fill*         0x0000000010025091        0x3 
 .rodata.mxc_assert.str1.4
                0x0000000010025094       0x19 /home/victor/Documents/ai_test/ai8x-synthesis/synthed_net/cifar10_cmsisnnet/build/board.o
 *fill*         0x00000000100250ad        0x3 
 .rodata.Board_Init.str1.4
                0x00000000100250b0       0x51 /home/victor/Documents/ai_test/ai8x-synthesis/synthed_net/cifar10_cmsisnnet/build/board.o
 *fill*         0x0000000010025101        0x3 
 .rodata.led_pin
                0x0000000010025104       0x24 /home/victor/Documents/ai_test/ai8x-synthesis/synthed_net/cifar10_cmsisnnet/build/board.o
                0x0000000010025104                led_pin
 .rodata.num_leds
                0x0000000010025128        0x4 /home/victor/Documents/ai_test/ai8x-synthesis/synthed_net/cifar10_cmsisnnet/build/board.o
                0x0000000010025128                num_leds
 .rodata.num_pbs
                0x000000001002512c        0x4 /home/victor/Documents/ai_test/ai8x-synthesis/synthed_net/cifar10_cmsisnnet/build/board.o
                0x000000001002512c                num_pbs
 .rodata.pb_pin
                0x0000000010025130       0x18 /home/victor/Documents/ai_test/ai8x-synthesis/synthed_net/cifar10_cmsisnnet/build/board.o
                0x0000000010025130                pb_pin
 .rodata.LED_On.str1.4
                0x0000000010025148       0x6b /home/victor/Documents/ai_test/ai8x-synthesis/synthed_net/cifar10_cmsisnnet/build/led.o
 *fill*         0x00000000100251b3        0x1 
 .rodata.PB_RegisterCallback.str1.4
                0x00000000100251b4       0x6d /home/victor/Documents/ai_test/ai8x-synthesis/synthed_net/cifar10_cmsisnnet/build/pb.o
 *fill*         0x0000000010025221        0x3 
 .rodata.camera_setup.str1.4
                0x0000000010025224       0x1b /home/victor/Documents/ai_test/ai8x-synthesis/synthed_net/cifar10_cmsisnnet/build/camera.o
 *fill*         0x000000001002523f        0x1 
 .rodata.dump_registers.str1.4
                0x0000000010025240       0x12 /home/victor/Documents/ai_test/ai8x-synthesis/synthed_net/cifar10_cmsisnnet/build/ov7692.o
 *fill*         0x0000000010025252        0x2 
 .rodata.default_regs
                0x0000000010025254       0x5e /home/victor/Documents/ai_test/ai8x-synthesis/synthed_net/cifar10_cmsisnnet/build/ov7692.o
 *fill*         0x00000000100252b2        0x2 
 .rodata.gpio_cfg_scl
                0x00000000100252b4        0xc /home/victor/Documents/ai_test/ai8x-synthesis/synthed_net/cifar10_cmsisnnet/build/sccb.o
 .rodata.gpio_cfg_sda
                0x00000000100252c0        0xc /home/victor/Documents/ai_test/ai8x-synthesis/synthed_net/cifar10_cmsisnnet/build/sccb.o
 .rodata.gpio_cfg_i2c0
                0x00000000100252cc        0xc /home/victor/MaximSDK/Libraries/PeriphDrivers/bin/MAX78000/softfp/libPeriphDriver_softfp.a(pins_ai85.o)
                0x00000000100252cc                gpio_cfg_i2c0
 .rodata.gpio_cfg_i2c1
                0x00000000100252d8        0xc /home/victor/MaximSDK/Libraries/PeriphDrivers/bin/MAX78000/softfp/libPeriphDriver_softfp.a(pins_ai85.o)
                0x00000000100252d8                gpio_cfg_i2c1
 .rodata.gpio_cfg_i2c2
                0x00000000100252e4        0xc /home/victor/MaximSDK/Libraries/PeriphDrivers/bin/MAX78000/softfp/libPeriphDriver_softfp.a(pins_ai85.o)
                0x00000000100252e4                gpio_cfg_i2c2
 .rodata.gpio_cfg_pcif_P0_BITS_0_7
                0x00000000100252f0        0xc /home/victor/MaximSDK/Libraries/PeriphDrivers/bin/MAX78000/softfp/libPeriphDriver_softfp.a(pins_ai85.o)
                0x00000000100252f0                gpio_cfg_pcif_P0_BITS_0_7
 .rodata.gpio_cfg_pcif_P0_BITS_8_9
                0x00000000100252fc        0xc /home/victor/MaximSDK/Libraries/PeriphDrivers/bin/MAX78000/softfp/libPeriphDriver_softfp.a(pins_ai85.o)
                0x00000000100252fc                gpio_cfg_pcif_P0_BITS_8_9
 .rodata.gpio_cfg_pcif_P1_BITS_10_11